-- The C compiler identification is GNU 13.3.0
-- The CXX compiler identification is GNU 13.3.0
-- Detecting C compiler ABI info
-- Detecting C compiler ABI info - done
-- Check for working C compiler: /usr/bin/cc - skipped
-- Detecting C compile features
-- Detecting C compile features - done
-- Detecting CXX compiler ABI info
-- Detecting CXX compiler ABI info - done
-- Check for working CXX compiler: /usr/bin/c++ - skipped
-- Detecting CXX compile features
-- Detecting CXX compile features - done
-- Found ament_cmake: 2.5.3 (/home/joel/ros2_jazzy/install/ament_cmake/share/ament_cmake/cmake)
-- Found Python3: /usr/bin/python3 (found version "3.12.3") found components: Interpreter 
-- Found rclcpp: 28.1.8 (/home/joel/ros2_jazzy/install/rclcpp/share/rclcpp/cmake)
-- Found rosidl_generator_c: 4.6.5 (/home/joel/ros2_jazzy/install/rosidl_generator_c/share/rosidl_generator_c/cmake)
-- Found rosidl_generator_cpp: 4.6.5 (/home/joel/ros2_jazzy/install/rosidl_generator_cpp/share/rosidl_generator_cpp/cmake)
-- Using all available rosidl_typesupport_c: rosidl_typesupport_introspection_c;rosidl_typesupport_fastrtps_c
-- Using all available rosidl_typesupport_cpp: rosidl_typesupport_introspection_cpp;rosidl_typesupport_fastrtps_cpp
-- Found rmw_implementation_cmake: 7.3.2 (/home/joel/ros2_jazzy/install/rmw_implementation_cmake/share/rmw_implementation_cmake/cmake)
-- Found rmw_fastrtps_cpp: 8.4.2 (/home/joel/ros2_jazzy/install/rmw_fastrtps_cpp/share/rmw_fastrtps_cpp/cmake)
-- Found OpenSSL: /usr/lib/x86_64-linux-gnu/libcrypto.so (found version "3.0.13")  
-- Found FastRTPS: /home/joel/ros2_jazzy/install/fastrtps/include (Required is at least version "2.13") 
-- Using RMW implementation 'rmw_fastrtps_cpp' as default
-- Found rclpy: 7.1.4 (/home/joel/ros2_jazzy/install/rclpy/share/rclpy/cmake)
-- Found geometry_msgs: 5.3.6 (/home/joel/ros2_jazzy/install/geometry_msgs/share/geometry_msgs/cmake)
-- Found sensor_msgs: 5.3.6 (/home/joel/ros2_jazzy/install/sensor_msgs/share/sensor_msgs/cmake)
-- Found twist_mux_msgs: 3.0.1 (/opt/ros/jazzy/share/twist_mux_msgs/cmake)
-- Found rclcpp_action: 28.1.8 (/home/joel/ros2_jazzy/install/rclcpp_action/share/rclcpp_action/cmake)
-- Found visualization_msgs: 5.3.6 (/home/joel/ros2_jazzy/install/visualization_msgs/share/visualization_msgs/cmake)
-- Configuring done (7.5s)
-- Generating done (0.1s)
-- Build files have been written to: /home/joel/vsC/Self-Driving-and-ROS-2-Learn-by-Doing-Plan-Navigation/Section3_Introduction_to_ROS_2/bumperbot_ws/build/bumperbot_utils
[ 50%] [32mBuilding CXX object CMakeFiles/safety_stop.dir/src/safety_stop.cpp.o[0m
[ 50%] Built target ament_cmake_python_copy_bumperbot_utils
running egg_info
creating bumperbot_utils.egg-info
writing bumperbot_utils.egg-info/PKG-INFO
writing dependency_links to bumperbot_utils.egg-info/dependency_links.txt
writing top-level names to bumperbot_utils.egg-info/top_level.txt
writing manifest file 'bumperbot_utils.egg-info/SOURCES.txt'
reading manifest file 'bumperbot_utils.egg-info/SOURCES.txt'
writing manifest file 'bumperbot_utils.egg-info/SOURCES.txt'
[ 50%] Built target ament_cmake_python_build_bumperbot_utils_egg
[100%] [32m[1mLinking CXX executable safety_stop[0m
[100%] Built target safety_stop
-- Install configuration: ""
-- Installing: /home/joel/vsC/Self-Driving-and-ROS-2-Learn-by-Doing-Plan-Navigation/Section3_Introduction_to_ROS_2/bumperbot_ws/install/bumperbot_utils/share/bumperbot_utils/environment/pythonpath.sh
-- Installing: /home/joel/vsC/Self-Driving-and-ROS-2-Learn-by-Doing-Plan-Navigation/Section3_Introduction_to_ROS_2/bumperbot_ws/install/bumperbot_utils/share/bumperbot_utils/environment/pythonpath.dsv
-- Installing: /home/joel/vsC/Self-Driving-and-ROS-2-Learn-by-Doing-Plan-Navigation/Section3_Introduction_to_ROS_2/bumperbot_ws/install/bumperbot_utils/lib/python3.12/site-packages/bumperbot_utils-0.0.0-py3.12.egg-info
-- Installing: /home/joel/vsC/Self-Driving-and-ROS-2-Learn-by-Doing-Plan-Navigation/Section3_Introduction_to_ROS_2/bumperbot_ws/install/bumperbot_utils/lib/python3.12/site-packages/bumperbot_utils-0.0.0-py3.12.egg-info/dependency_links.txt
-- Installing: /home/joel/vsC/Self-Driving-and-ROS-2-Learn-by-Doing-Plan-Navigation/Section3_Introduction_to_ROS_2/bumperbot_ws/install/bumperbot_utils/lib/python3.12/site-packages/bumperbot_utils-0.0.0-py3.12.egg-info/SOURCES.txt
-- Installing: /home/joel/vsC/Self-Driving-and-ROS-2-Learn-by-Doing-Plan-Navigation/Section3_Introduction_to_ROS_2/bumperbot_ws/install/bumperbot_utils/lib/python3.12/site-packages/bumperbot_utils-0.0.0-py3.12.egg-info/PKG-INFO
-- Installing: /home/joel/vsC/Self-Driving-and-ROS-2-Learn-by-Doing-Plan-Navigation/Section3_Introduction_to_ROS_2/bumperbot_ws/install/bumperbot_utils/lib/python3.12/site-packages/bumperbot_utils-0.0.0-py3.12.egg-info/top_level.txt
-- Installing: /home/joel/vsC/Self-Driving-and-ROS-2-Learn-by-Doing-Plan-Navigation/Section3_Introduction_to_ROS_2/bumperbot_ws/install/bumperbot_utils/lib/python3.12/site-packages/bumperbot_utils
-- Installing: /home/joel/vsC/Self-Driving-and-ROS-2-Learn-by-Doing-Plan-Navigation/Section3_Introduction_to_ROS_2/bumperbot_ws/install/bumperbot_utils/lib/python3.12/site-packages/bumperbot_utils/safety_stop.py
-- Installing: /home/joel/vsC/Self-Driving-and-ROS-2-Learn-by-Doing-Plan-Navigation/Section3_Introduction_to_ROS_2/bumperbot_ws/install/bumperbot_utils/lib/python3.12/site-packages/bumperbot_utils/__init__.py
Listing '/home/joel/vsC/Self-Driving-and-ROS-2-Learn-by-Doing-Plan-Navigation/Section3_Introduction_to_ROS_2/bumperbot_ws/install/bumperbot_utils/lib/python3.12/site-packages/bumperbot_utils'...
Compiling '/home/joel/vsC/Self-Driving-and-ROS-2-Learn-by-Doing-Plan-Navigation/Section3_Introduction_to_ROS_2/bumperbot_ws/install/bumperbot_utils/lib/python3.12/site-packages/bumperbot_utils/__init__.py'...
Compiling '/home/joel/vsC/Self-Driving-and-ROS-2-Learn-by-Doing-Plan-Navigation/Section3_Introduction_to_ROS_2/bumperbot_ws/install/bumperbot_utils/lib/python3.12/site-packages/bumperbot_utils/safety_stop.py'...
-- Installing: /home/joel/vsC/Self-Driving-and-ROS-2-Learn-by-Doing-Plan-Navigation/Section3_Introduction_to_ROS_2/bumperbot_ws/install/bumperbot_utils/lib/bumperbot_utils/safety_stop
-- Set non-toolchain portion of runtime path of "/home/joel/vsC/Self-Driving-and-ROS-2-Learn-by-Doing-Plan-Navigation/Section3_Introduction_to_ROS_2/bumperbot_ws/install/bumperbot_utils/lib/bumperbot_utils/safety_stop" to ""
-- Installing: /home/joel/vsC/Self-Driving-and-ROS-2-Learn-by-Doing-Plan-Navigation/Section3_Introduction_to_ROS_2/bumperbot_ws/install/bumperbot_utils/lib/bumperbot_utils/safety_stop.py
-- Installing: /home/joel/vsC/Self-Driving-and-ROS-2-Learn-by-Doing-Plan-Navigation/Section3_Introduction_to_ROS_2/bumperbot_ws/install/bumperbot_utils/share/ament_index/resource_index/package_run_dependencies/bumperbot_utils
-- Installing: /home/joel/vsC/Self-Driving-and-ROS-2-Learn-by-Doing-Plan-Navigation/Section3_Introduction_to_ROS_2/bumperbot_ws/install/bumperbot_utils/share/ament_index/resource_index/parent_prefix_path/bumperbot_utils
-- Installing: /home/joel/vsC/Self-Driving-and-ROS-2-Learn-by-Doing-Plan-Navigation/Section3_Introduction_to_ROS_2/bumperbot_ws/install/bumperbot_utils/share/bumperbot_utils/environment/ament_prefix_path.sh
-- Installing: /home/joel/vsC/Self-Driving-and-ROS-2-Learn-by-Doing-Plan-Navigation/Section3_Introduction_to_ROS_2/bumperbot_ws/install/bumperbot_utils/share/bumperbot_utils/environment/ament_prefix_path.dsv
-- Installing: /home/joel/vsC/Self-Driving-and-ROS-2-Learn-by-Doing-Plan-Navigation/Section3_Introduction_to_ROS_2/bumperbot_ws/install/bumperbot_utils/share/bumperbot_utils/environment/path.sh
-- Installing: /home/joel/vsC/Self-Driving-and-ROS-2-Learn-by-Doing-Plan-Navigation/Section3_Introduction_to_ROS_2/bumperbot_ws/install/bumperbot_utils/share/bumperbot_utils/environment/path.dsv
-- Installing: /home/joel/vsC/Self-Driving-and-ROS-2-Learn-by-Doing-Plan-Navigation/Section3_Introduction_to_ROS_2/bumperbot_ws/install/bumperbot_utils/share/bumperbot_utils/local_setup.bash
-- Installing: /home/joel/vsC/Self-Driving-and-ROS-2-Learn-by-Doing-Plan-Navigation/Section3_Introduction_to_ROS_2/bumperbot_ws/install/bumperbot_utils/share/bumperbot_utils/local_setup.sh
-- Installing: /home/joel/vsC/Self-Driving-and-ROS-2-Learn-by-Doing-Plan-Navigation/Section3_Introduction_to_ROS_2/bumperbot_ws/install/bumperbot_utils/share/bumperbot_utils/local_setup.zsh
-- Installing: /home/joel/vsC/Self-Driving-and-ROS-2-Learn-by-Doing-Plan-Navigation/Section3_Introduction_to_ROS_2/bumperbot_ws/install/bumperbot_utils/share/bumperbot_utils/local_setup.dsv
-- Installing: /home/joel/vsC/Self-Driving-and-ROS-2-Learn-by-Doing-Plan-Navigation/Section3_Introduction_to_ROS_2/bumperbot_ws/install/bumperbot_utils/share/bumperbot_utils/package.dsv
-- Installing: /home/joel/vsC/Self-Driving-and-ROS-2-Learn-by-Doing-Plan-Navigation/Section3_Introduction_to_ROS_2/bumperbot_ws/install/bumperbot_utils/share/ament_index/resource_index/packages/bumperbot_utils
-- Installing: /home/joel/vsC/Self-Driving-and-ROS-2-Learn-by-Doing-Plan-Navigation/Section3_Introduction_to_ROS_2/bumperbot_ws/install/bumperbot_utils/share/bumperbot_utils/cmake/bumperbot_utilsConfig.cmake
-- Installing: /home/joel/vsC/Self-Driving-and-ROS-2-Learn-by-Doing-Plan-Navigation/Section3_Introduction_to_ROS_2/bumperbot_ws/install/bumperbot_utils/share/bumperbot_utils/cmake/bumperbot_utilsConfig-version.cmake
-- Installing: /home/joel/vsC/Self-Driving-and-ROS-2-Learn-by-Doing-Plan-Navigation/Section3_Introduction_to_ROS_2/bumperbot_ws/install/bumperbot_utils/share/bumperbot_utils/package.xml
