[0.171s] Invoking command in '/home/joel/vsC/Self-Driving-and-ROS-2-Learn-by-Doing-Plan-Navigation/Section3_Introduction_to_ROS_2/bumperbot_ws/build/bumperbot_firmware': CMAKE_PREFIX_PATH=${CMAKE_PREFIX_PATH}:/home/joel/ros2_jazzy/install/rqt_bag_plugins:/home/joel/ros2_jazzy/install/rqt_bag:/home/joel/ros2_jazzy/install/rosbag2_examples_py:/home/joel/ros2_jazzy/install/launch_testing_examples:/home/joel/ros2_jazzy/install/ros2bag:/home/joel/ros2_jazzy/install/tracetools_test:/home/joel/ros2_jazzy/install/tracetools_launch:/home/joel/ros2_jazzy/install/topic_monitor:/home/joel/ros2_jazzy/install/tf2_tools:/home/joel/ros2_jazzy/install/examples_tf2_py:/home/joel/ros2_jazzy/install/tf2_ros_py:/home/joel/ros2_jazzy/install/examples_rclpy_pointcloud_publisher:/home/joel/ros2_jazzy/install/sensor_msgs_py:/home/joel/ros2_jazzy/install/quality_of_service_demo_py:/home/joel/ros2_jazzy/install/camera_info_manager_py:/home/joel/ros2_jazzy/install/rqt_plot:/home/joel/ros2_jazzy/install/ros2doctor:/home/joel/ros2_jazzy/install/lifecycle_py:/home/joel/ros2_jazzy/install/examples_rclpy_minimal_subscriber:/home/joel/ros2_jazzy/install/examples_rclpy_minimal_service:/home/joel/ros2_jazzy/install/examples_rclpy_minimal_publisher:/home/joel/ros2_jazzy/install/examples_rclpy_minimal_client:/home/joel/ros2_jazzy/install/examples_rclpy_executors:/home/joel/ros2_jazzy/install/demo_nodes_py:/home/joel/ros2_jazzy/install/rqt:/home/joel/ros2_jazzy/install/ros2component:/home/joel/ros2_jazzy/install/sros2:/home/joel/ros2_jazzy/install/rqt_topic:/home/joel/ros2_jazzy/install/rqt_srv:/home/joel/ros2_jazzy/install/rqt_shell:/home/joel/ros2_jazzy/install/rqt_service_caller:/home/joel/ros2_jazzy/install/rqt_reconfigure:/home/joel/ros2_jazzy/install/rqt_py_console:/home/joel/ros2_jazzy/install/rqt_publisher:/home/joel/ros2_jazzy/install/rqt_action:/home/joel/ros2_jazzy/install/rqt_msg:/home/joel/ros2_jazzy/install/rqt_console:/home/joel/ros2_jazzy/install/rqt_graph:/home/joel/ros2_jazzy/install/rqt_gui_py:/home/joel/ros2_jazzy/install/rqt_gui:/home/joel/ros2_jazzy/install/ros2trace:/home/joel/ros2_jazzy/install/ros2topic:/home/joel/ros2_jazzy/install/ros2test:/home/joel/ros2_jazzy/install/ros2param:/home/joel/ros2_jazzy/install/ros2lifecycle:/home/joel/ros2_jazzy/install/ros2service:/home/joel/ros2_jazzy/install/ros2run:/home/joel/ros2_jazzy/install/ros2launch:/home/joel/ros2_jazzy/install/ros2pkg:/home/joel/ros2_jazzy/install/ros2node:/home/joel/ros2_jazzy/install/ros2multicast:/home/joel/ros2_jazzy/install/ros2interface:/home/joel/ros2_jazzy/install/ros2action:/home/joel/ros2_jazzy/install/ros2cli:/home/joel/ros2_jazzy/install/launch_testing_ros:/home/joel/ros2_jazzy/install/launch_ros:/home/joel/ros2_jazzy/install/examples_rclpy_minimal_action_server:/home/joel/ros2_jazzy/install/examples_rclpy_minimal_action_client:/home/joel/ros2_jazzy/install/examples_rclpy_guard_conditions:/home/joel/ros2_jazzy/install/action_tutorials_py:/home/joel/ros2_jazzy/install/ament_uncrustify:/home/joel/ros2_jazzy/install/tracetools_trace:/home/joel/ros2_jazzy/install/tracetools_read:/home/joel/ros2_jazzy/install/test_tracetools_launch:/home/joel/ros2_jazzy/install/test_ros2trace:/home/joel/ros2_jazzy/install/test_launch_ros:/home/joel/ros2_jazzy/install/rpyutils:/home/joel/ros2_jazzy/install/rosidl_runtime_py:/home/joel/ros2_jazzy/install/rosidl_pycommon:/home/joel/ros2_jazzy/install/rosidl_cli:/home/joel/ros2_jazzy/install/launch_pytest:/home/joel/ros2_jazzy/install/launch_testing:/home/joel/ros2_jazzy/install/launch_yaml:/home/joel/ros2_jazzy/install/launch_xml:/home/joel/ros2_jazzy/install/launch:/home/joel/ros2_jazzy/install/osrf_pycommon:/home/joel/ros2_jazzy/install/domain_coordinator:/home/joel/ros2_jazzy/install/ament_xmllint:/home/joel/ros2_jazzy/install/ament_pyflakes:/home/joel/ros2_jazzy/install/ament_pycodestyle:/home/joel/ros2_jazzy/install/ament_pep257:/home/joel/ros2_jazzy/install/ament_pclint:/home/joel/ros2_jazzy/install/ament_package:/home/joel/ros2_jazzy/install/ament_mypy:/home/joel/ros2_jazzy/install/ament_lint_cmake:/home/joel/ros2_jazzy/install/ament_flake8:/home/joel/ros2_jazzy/install/ament_copyright:/home/joel/ros2_jazzy/install/ament_lint:/home/joel/ros2_jazzy/install/ament_index_python:/home/joel/ros2_jazzy/install/ament_cpplint:/home/joel/ros2_jazzy/install/ament_cppcheck:/home/joel/ros2_jazzy/install/ament_clang_tidy:/home/joel/ros2_jazzy/install/ament_clang_format:/opt/ros/jazzy DEBUGINFOD_URLS=https://debuginfod.ubuntu.com /usr/bin/cmake /home/joel/vsC/Self-Driving-and-ROS-2-Learn-by-Doing-Plan-Navigation/Section3_Introduction_to_ROS_2/bumperbot_ws/src/bumperbot_firmware -DCMAKE_INSTALL_PREFIX=/home/joel/vsC/Self-Driving-and-ROS-2-Learn-by-Doing-Plan-Navigation/Section3_Introduction_to_ROS_2/bumperbot_ws/install/bumperbot_firmware
[0.387s] -- The C compiler identification is GNU 13.3.0
[0.554s] -- The CXX compiler identification is GNU 13.3.0
[0.596s] -- Detecting C compiler ABI info
[0.880s] -- Detecting C compiler ABI info - done
[0.903s] -- Check for working C compiler: /usr/bin/cc - skipped
[0.903s] -- Detecting C compile features
[0.904s] -- Detecting C compile features - done
[0.932s] -- Detecting CXX compiler ABI info
[1.206s] -- Detecting CXX compiler ABI info - done
[1.223s] -- Check for working CXX compiler: /usr/bin/c++ - skipped
[1.225s] -- Detecting CXX compile features
[1.225s] -- Detecting CXX compile features - done
[1.274s] -- Found ament_cmake: 2.5.3 (/home/joel/ros2_jazzy/install/ament_cmake/share/ament_cmake/cmake)
[2.547s] -- Found Python3: /usr/bin/python3 (found version "3.12.3") found components: Interpreter 
[3.443s] -- Found rclcpp: 28.1.8 (/home/joel/ros2_jazzy/install/rclcpp/share/rclcpp/cmake)
[3.804s] -- Found rosidl_generator_c: 4.6.5 (/home/joel/ros2_jazzy/install/rosidl_generator_c/share/rosidl_generator_c/cmake)
[3.927s] -- Found rosidl_generator_cpp: 4.6.5 (/home/joel/ros2_jazzy/install/rosidl_generator_cpp/share/rosidl_generator_cpp/cmake)
[4.141s] -- Using all available rosidl_typesupport_c: rosidl_typesupport_introspection_c;rosidl_typesupport_fastrtps_c
[4.281s] -- Using all available rosidl_typesupport_cpp: rosidl_typesupport_introspection_cpp;rosidl_typesupport_fastrtps_cpp
[4.770s] -- Found rmw_implementation_cmake: 7.3.2 (/home/joel/ros2_jazzy/install/rmw_implementation_cmake/share/rmw_implementation_cmake/cmake)
[4.823s] -- Found rmw_fastrtps_cpp: 8.4.2 (/home/joel/ros2_jazzy/install/rmw_fastrtps_cpp/share/rmw_fastrtps_cpp/cmake)
[5.269s] -- Found OpenSSL: /usr/lib/x86_64-linux-gnu/libcrypto.so (found version "3.0.13")  
[5.342s] -- Found FastRTPS: /home/joel/ros2_jazzy/install/fastrtps/include (Required is at least version "2.13") 
[5.469s] -- Using RMW implementation 'rmw_fastrtps_cpp' as default
[5.784s] -- Found rclpy: 7.1.4 (/home/joel/ros2_jazzy/install/rclpy/share/rclpy/cmake)
[5.796s] -- Found std_msgs: 5.3.6 (/home/joel/ros2_jazzy/install/std_msgs/share/std_msgs/cmake)
[5.864s] -- Found hardware_interface: 4.27.0 (/opt/ros/jazzy/share/hardware_interface/cmake)
[6.965s] -- Found PkgConfig: /usr/bin/pkg-config (found version "1.8.1") 
[6.967s] -- Checking for module 'libserial'
[7.064s] --   Found libserial, version 1.0.0
[8.987s] -- Configuring done (8.8s)
[9.194s] [33mCMake Warning at CMakeLists.txt:22 (add_library):
[9.194s]   Cannot generate a safe runtime search path for target bumperbot_firmware
[9.194s]   because there is a cycle in the constraint graph:
[9.195s] 
[9.195s]     dir 0 is [/opt/ros/jazzy/lib]
[9.195s]       dir 1 must precede it due to runtime library [libsensor_msgs__rosidl_typesupport_fastrtps_c.so]
[9.195s]       dir 2 must precede it due to runtime library [libclass_loader.so]
[9.195s]       dir 3 must precede it due to runtime library [librclcpp_lifecycle.so]
[9.196s]       dir 4 must precede it due to runtime library [librclcpp_action.so]
[9.196s]       dir 5 must precede it due to runtime library [librclcpp.so]
[9.196s]       dir 6 must precede it due to runtime library [librcl_action.so]
[9.196s]       dir 7 must precede it due to runtime library [libaction_msgs__rosidl_typesupport_fastrtps_c.so]
[9.196s]       dir 8 must precede it due to runtime library [libunique_identifier_msgs__rosidl_typesupport_fastrtps_c.so]
[9.197s]       dir 9 must precede it due to runtime library [libtrajectory_msgs__rosidl_typesupport_fastrtps_c.so]
[9.200s]       dir 10 must precede it due to runtime library [libgeometry_msgs__rosidl_typesupport_fastrtps_c.so]
[9.200s]       dir 11 must precede it due to runtime library [libstd_msgs__rosidl_generator_py.so]
[9.200s]       dir 12 must precede it due to runtime library [liburdf.so]
[9.201s]       dir 14 must precede it due to runtime library [liblibstatistics_collector.so]
[9.201s]       dir 15 must precede it due to runtime library [librosgraph_msgs__rosidl_typesupport_fastrtps_c.so]
[9.201s]       dir 16 must precede it due to runtime library [libstatistics_msgs__rosidl_typesupport_fastrtps_c.so]
[9.201s]       dir 17 must precede it due to runtime library [librcl_lifecycle.so]
[9.201s]       dir 18 must precede it due to runtime library [liblifecycle_msgs__rosidl_typesupport_fastrtps_c.so]
[9.202s]       dir 19 must precede it due to runtime library [librcl.so]
[9.202s]       dir 20 must precede it due to runtime library [librcl_yaml_param_parser.so]
[9.202s]       dir 21 must precede it due to runtime library [libtracetools.so]
[9.202s]       dir 22 must precede it due to runtime library [librcl_interfaces__rosidl_typesupport_fastrtps_c.so]
[9.202s]       dir 23 must precede it due to runtime library [librcl_logging_interface.so]
[9.203s]       dir 24 must precede it due to runtime library [librmw_implementation.so]
[9.203s]       dir 25 must precede it due to runtime library [libament_index_cpp.so]
[9.203s]       dir 26 must precede it due to runtime library [libtype_description_interfaces__rosidl_typesupport_introspection_c.so]
[9.203s]       dir 27 must precede it due to runtime library [libservice_msgs__rosidl_typesupport_fastrtps_c.so]
[9.203s]       dir 28 must precede it due to runtime library [libbuiltin_interfaces__rosidl_typesupport_fastrtps_c.so]
[9.204s]       dir 29 must precede it due to runtime library [librosidl_typesupport_fastrtps_c.so]
[9.208s]       dir 30 must precede it due to runtime library [librosidl_typesupport_fastrtps_cpp.so]
[9.208s]       dir 31 must precede it due to runtime library [libfastcdr.so.2]
[9.208s]       dir 32 must precede it due to runtime library [librmw.so]
[9.209s]       dir 33 must precede it due to runtime library [librosidl_dynamic_typesupport.so]
[9.210s]       dir 34 must precede it due to runtime library [librosidl_typesupport_introspection_cpp.so]
[9.210s]       dir 35 must precede it due to runtime library [librosidl_typesupport_introspection_c.so]
[9.211s]       dir 36 must precede it due to runtime library [librosidl_typesupport_cpp.so]
[9.211s]       dir 37 must precede it due to runtime library [librosidl_typesupport_c.so]
[9.211s]       dir 38 must precede it due to runtime library [librcpputils.so]
[9.211s]       dir 39 must precede it due to runtime library [librosidl_runtime_c.so]
[9.211s]       dir 40 must precede it due to runtime library [librcutils.so]
[9.211s]     dir 1 is [/home/joel/ros2_jazzy/install/sensor_msgs/lib]
[9.211s]     dir 2 is [/home/joel/ros2_jazzy/install/class_loader/lib]
[9.212s]     dir 3 is [/home/joel/ros2_jazzy/install/rclcpp_lifecycle/lib]
[9.216s]       dir 0 must precede it due to runtime library [librclcpp_lifecycle.so]
[9.216s]     dir 4 is [/home/joel/ros2_jazzy/install/rclcpp_action/lib]
[9.216s]     dir 5 is [/home/joel/ros2_jazzy/install/rclcpp/lib]
[9.216s]       dir 0 must precede it due to runtime library [librclcpp.so]
[9.217s]     dir 6 is [/home/joel/ros2_jazzy/install/rcl_action/lib]
[9.217s]     dir 7 is [/home/joel/ros2_jazzy/install/action_msgs/lib]
[9.217s]     dir 8 is [/home/joel/ros2_jazzy/install/unique_identifier_msgs/lib]
[9.217s]     dir 9 is [/home/joel/ros2_jazzy/install/trajectory_msgs/lib]
[9.217s]     dir 10 is [/home/joel/ros2_jazzy/install/geometry_msgs/lib]
[9.217s]     dir 11 is [/home/joel/ros2_jazzy/install/std_msgs/lib]
[9.217s]       dir 0 must precede it due to runtime library [libstd_msgs__rosidl_generator_c.so]
[9.218s]     dir 12 is [/home/joel/ros2_jazzy/install/urdf/lib]
[9.218s]     dir 13 is [/home/joel/ros2_jazzy/install/urdfdom/lib]
[9.218s]     dir 14 is [/home/joel/ros2_jazzy/install/libstatistics_collector/lib]
[9.218s]     dir 15 is [/home/joel/ros2_jazzy/install/rosgraph_msgs/lib]
[9.218s]     dir 16 is [/home/joel/ros2_jazzy/install/statistics_msgs/lib]
[9.218s]     dir 17 is [/home/joel/ros2_jazzy/install/rcl_lifecycle/lib]
[9.218s]     dir 18 is [/home/joel/ros2_jazzy/install/lifecycle_msgs/lib]
[9.218s]     dir 19 is [/home/joel/ros2_jazzy/install/rcl/lib]
[9.219s]     dir 20 is [/home/joel/ros2_jazzy/install/rcl_yaml_param_parser/lib]
[9.219s]     dir 21 is [/home/joel/ros2_jazzy/install/tracetools/lib]
[9.219s]     dir 22 is [/home/joel/ros2_jazzy/install/rcl_interfaces/lib]
[9.219s]     dir 23 is [/home/joel/ros2_jazzy/install/rcl_logging_interface/lib]
[9.219s]     dir 24 is [/home/joel/ros2_jazzy/install/rmw_implementation/lib]
[9.219s]     dir 25 is [/home/joel/ros2_jazzy/install/ament_index_cpp/lib]
[9.220s]     dir 26 is [/home/joel/ros2_jazzy/install/type_description_interfaces/lib]
[9.222s]     dir 27 is [/home/joel/ros2_jazzy/install/service_msgs/lib]
[9.224s]     dir 28 is [/home/joel/ros2_jazzy/install/builtin_interfaces/lib]
[9.225s]     dir 29 is [/home/joel/ros2_jazzy/install/rosidl_typesupport_fastrtps_c/lib]
[9.225s]       dir 0 must precede it due to runtime library [librosidl_typesupport_fastrtps_c.so]
[9.225s]     dir 30 is [/home/joel/ros2_jazzy/install/rosidl_typesupport_fastrtps_cpp/lib]
[9.225s]       dir 0 must precede it due to runtime library [librosidl_typesupport_fastrtps_cpp.so]
[9.225s]     dir 31 is [/home/joel/ros2_jazzy/install/fastcdr/lib]
[9.226s]     dir 32 is [/home/joel/ros2_jazzy/install/rmw/lib]
[9.226s]       dir 0 must precede it due to runtime library [librmw.so]
[9.226s]     dir 33 is [/home/joel/ros2_jazzy/install/rosidl_dynamic_typesupport/lib]
[9.226s]     dir 34 is [/home/joel/ros2_jazzy/install/rosidl_typesupport_introspection_cpp/lib]
[9.226s]       dir 0 must precede it due to runtime library [librosidl_typesupport_introspection_cpp.so]
[9.226s]     dir 35 is [/home/joel/ros2_jazzy/install/rosidl_typesupport_introspection_c/lib]
[9.226s]       dir 0 must precede it due to runtime library [librosidl_typesupport_introspection_c.so]
[9.227s]     dir 36 is [/home/joel/ros2_jazzy/install/rosidl_typesupport_cpp/lib]
[9.227s]       dir 0 must precede it due to runtime library [librosidl_typesupport_cpp.so]
[9.227s]     dir 37 is [/home/joel/ros2_jazzy/install/rosidl_typesupport_c/lib]
[9.227s]       dir 0 must precede it due to runtime library [librosidl_typesupport_c.so]
[9.227s]     dir 38 is [/home/joel/ros2_jazzy/install/rcpputils/lib]
[9.227s]       dir 0 must precede it due to runtime library [librcpputils.so]
[9.227s]     dir 39 is [/home/joel/ros2_jazzy/install/rosidl_runtime_c/lib]
[9.228s]       dir 0 must precede it due to runtime library [librosidl_runtime_c.so]
[9.233s]     dir 40 is [/home/joel/ros2_jazzy/install/rcutils/lib]
[9.234s]       dir 0 must precede it due to runtime library [librcutils.so]
[9.234s] 
[9.234s]   Some of these libraries may not be found correctly.
[9.234s] 
[9.234s] [0m
[9.257s] -- Generating done (0.2s)
[9.295s] -- Build files have been written to: /home/joel/vsC/Self-Driving-and-ROS-2-Learn-by-Doing-Plan-Navigation/Section3_Introduction_to_ROS_2/bumperbot_ws/build/bumperbot_firmware
[9.345s] Invoked command in '/home/joel/vsC/Self-Driving-and-ROS-2-Learn-by-Doing-Plan-Navigation/Section3_Introduction_to_ROS_2/bumperbot_ws/build/bumperbot_firmware' returned '0': CMAKE_PREFIX_PATH=${CMAKE_PREFIX_PATH}:/home/joel/ros2_jazzy/install/rqt_bag_plugins:/home/joel/ros2_jazzy/install/rqt_bag:/home/joel/ros2_jazzy/install/rosbag2_examples_py:/home/joel/ros2_jazzy/install/launch_testing_examples:/home/joel/ros2_jazzy/install/ros2bag:/home/joel/ros2_jazzy/install/tracetools_test:/home/joel/ros2_jazzy/install/tracetools_launch:/home/joel/ros2_jazzy/install/topic_monitor:/home/joel/ros2_jazzy/install/tf2_tools:/home/joel/ros2_jazzy/install/examples_tf2_py:/home/joel/ros2_jazzy/install/tf2_ros_py:/home/joel/ros2_jazzy/install/examples_rclpy_pointcloud_publisher:/home/joel/ros2_jazzy/install/sensor_msgs_py:/home/joel/ros2_jazzy/install/quality_of_service_demo_py:/home/joel/ros2_jazzy/install/camera_info_manager_py:/home/joel/ros2_jazzy/install/rqt_plot:/home/joel/ros2_jazzy/install/ros2doctor:/home/joel/ros2_jazzy/install/lifecycle_py:/home/joel/ros2_jazzy/install/examples_rclpy_minimal_subscriber:/home/joel/ros2_jazzy/install/examples_rclpy_minimal_service:/home/joel/ros2_jazzy/install/examples_rclpy_minimal_publisher:/home/joel/ros2_jazzy/install/examples_rclpy_minimal_client:/home/joel/ros2_jazzy/install/examples_rclpy_executors:/home/joel/ros2_jazzy/install/demo_nodes_py:/home/joel/ros2_jazzy/install/rqt:/home/joel/ros2_jazzy/install/ros2component:/home/joel/ros2_jazzy/install/sros2:/home/joel/ros2_jazzy/install/rqt_topic:/home/joel/ros2_jazzy/install/rqt_srv:/home/joel/ros2_jazzy/install/rqt_shell:/home/joel/ros2_jazzy/install/rqt_service_caller:/home/joel/ros2_jazzy/install/rqt_reconfigure:/home/joel/ros2_jazzy/install/rqt_py_console:/home/joel/ros2_jazzy/install/rqt_publisher:/home/joel/ros2_jazzy/install/rqt_action:/home/joel/ros2_jazzy/install/rqt_msg:/home/joel/ros2_jazzy/install/rqt_console:/home/joel/ros2_jazzy/install/rqt_graph:/home/joel/ros2_jazzy/install/rqt_gui_py:/home/joel/ros2_jazzy/install/rqt_gui:/home/joel/ros2_jazzy/install/ros2trace:/home/joel/ros2_jazzy/install/ros2topic:/home/joel/ros2_jazzy/install/ros2test:/home/joel/ros2_jazzy/install/ros2param:/home/joel/ros2_jazzy/install/ros2lifecycle:/home/joel/ros2_jazzy/install/ros2service:/home/joel/ros2_jazzy/install/ros2run:/home/joel/ros2_jazzy/install/ros2launch:/home/joel/ros2_jazzy/install/ros2pkg:/home/joel/ros2_jazzy/install/ros2node:/home/joel/ros2_jazzy/install/ros2multicast:/home/joel/ros2_jazzy/install/ros2interface:/home/joel/ros2_jazzy/install/ros2action:/home/joel/ros2_jazzy/install/ros2cli:/home/joel/ros2_jazzy/install/launch_testing_ros:/home/joel/ros2_jazzy/install/launch_ros:/home/joel/ros2_jazzy/install/examples_rclpy_minimal_action_server:/home/joel/ros2_jazzy/install/examples_rclpy_minimal_action_client:/home/joel/ros2_jazzy/install/examples_rclpy_guard_conditions:/home/joel/ros2_jazzy/install/action_tutorials_py:/home/joel/ros2_jazzy/install/ament_uncrustify:/home/joel/ros2_jazzy/install/tracetools_trace:/home/joel/ros2_jazzy/install/tracetools_read:/home/joel/ros2_jazzy/install/test_tracetools_launch:/home/joel/ros2_jazzy/install/test_ros2trace:/home/joel/ros2_jazzy/install/test_launch_ros:/home/joel/ros2_jazzy/install/rpyutils:/home/joel/ros2_jazzy/install/rosidl_runtime_py:/home/joel/ros2_jazzy/install/rosidl_pycommon:/home/joel/ros2_jazzy/install/rosidl_cli:/home/joel/ros2_jazzy/install/launch_pytest:/home/joel/ros2_jazzy/install/launch_testing:/home/joel/ros2_jazzy/install/launch_yaml:/home/joel/ros2_jazzy/install/launch_xml:/home/joel/ros2_jazzy/install/launch:/home/joel/ros2_jazzy/install/osrf_pycommon:/home/joel/ros2_jazzy/install/domain_coordinator:/home/joel/ros2_jazzy/install/ament_xmllint:/home/joel/ros2_jazzy/install/ament_pyflakes:/home/joel/ros2_jazzy/install/ament_pycodestyle:/home/joel/ros2_jazzy/install/ament_pep257:/home/joel/ros2_jazzy/install/ament_pclint:/home/joel/ros2_jazzy/install/ament_package:/home/joel/ros2_jazzy/install/ament_mypy:/home/joel/ros2_jazzy/install/ament_lint_cmake:/home/joel/ros2_jazzy/install/ament_flake8:/home/joel/ros2_jazzy/install/ament_copyright:/home/joel/ros2_jazzy/install/ament_lint:/home/joel/ros2_jazzy/install/ament_index_python:/home/joel/ros2_jazzy/install/ament_cpplint:/home/joel/ros2_jazzy/install/ament_cppcheck:/home/joel/ros2_jazzy/install/ament_clang_tidy:/home/joel/ros2_jazzy/install/ament_clang_format:/opt/ros/jazzy DEBUGINFOD_URLS=https://debuginfod.ubuntu.com /usr/bin/cmake /home/joel/vsC/Self-Driving-and-ROS-2-Learn-by-Doing-Plan-Navigation/Section3_Introduction_to_ROS_2/bumperbot_ws/src/bumperbot_firmware -DCMAKE_INSTALL_PREFIX=/home/joel/vsC/Self-Driving-and-ROS-2-Learn-by-Doing-Plan-Navigation/Section3_Introduction_to_ROS_2/bumperbot_ws/install/bumperbot_firmware
[9.355s] Invoking command in '/home/joel/vsC/Self-Driving-and-ROS-2-Learn-by-Doing-Plan-Navigation/Section3_Introduction_to_ROS_2/bumperbot_ws/build/bumperbot_firmware': CMAKE_PREFIX_PATH=${CMAKE_PREFIX_PATH}:/home/joel/ros2_jazzy/install/rqt_bag_plugins:/home/joel/ros2_jazzy/install/rqt_bag:/home/joel/ros2_jazzy/install/rosbag2_examples_py:/home/joel/ros2_jazzy/install/launch_testing_examples:/home/joel/ros2_jazzy/install/ros2bag:/home/joel/ros2_jazzy/install/tracetools_test:/home/joel/ros2_jazzy/install/tracetools_launch:/home/joel/ros2_jazzy/install/topic_monitor:/home/joel/ros2_jazzy/install/tf2_tools:/home/joel/ros2_jazzy/install/examples_tf2_py:/home/joel/ros2_jazzy/install/tf2_ros_py:/home/joel/ros2_jazzy/install/examples_rclpy_pointcloud_publisher:/home/joel/ros2_jazzy/install/sensor_msgs_py:/home/joel/ros2_jazzy/install/quality_of_service_demo_py:/home/joel/ros2_jazzy/install/camera_info_manager_py:/home/joel/ros2_jazzy/install/rqt_plot:/home/joel/ros2_jazzy/install/ros2doctor:/home/joel/ros2_jazzy/install/lifecycle_py:/home/joel/ros2_jazzy/install/examples_rclpy_minimal_subscriber:/home/joel/ros2_jazzy/install/examples_rclpy_minimal_service:/home/joel/ros2_jazzy/install/examples_rclpy_minimal_publisher:/home/joel/ros2_jazzy/install/examples_rclpy_minimal_client:/home/joel/ros2_jazzy/install/examples_rclpy_executors:/home/joel/ros2_jazzy/install/demo_nodes_py:/home/joel/ros2_jazzy/install/rqt:/home/joel/ros2_jazzy/install/ros2component:/home/joel/ros2_jazzy/install/sros2:/home/joel/ros2_jazzy/install/rqt_topic:/home/joel/ros2_jazzy/install/rqt_srv:/home/joel/ros2_jazzy/install/rqt_shell:/home/joel/ros2_jazzy/install/rqt_service_caller:/home/joel/ros2_jazzy/install/rqt_reconfigure:/home/joel/ros2_jazzy/install/rqt_py_console:/home/joel/ros2_jazzy/install/rqt_publisher:/home/joel/ros2_jazzy/install/rqt_action:/home/joel/ros2_jazzy/install/rqt_msg:/home/joel/ros2_jazzy/install/rqt_console:/home/joel/ros2_jazzy/install/rqt_graph:/home/joel/ros2_jazzy/install/rqt_gui_py:/home/joel/ros2_jazzy/install/rqt_gui:/home/joel/ros2_jazzy/install/ros2trace:/home/joel/ros2_jazzy/install/ros2topic:/home/joel/ros2_jazzy/install/ros2test:/home/joel/ros2_jazzy/install/ros2param:/home/joel/ros2_jazzy/install/ros2lifecycle:/home/joel/ros2_jazzy/install/ros2service:/home/joel/ros2_jazzy/install/ros2run:/home/joel/ros2_jazzy/install/ros2launch:/home/joel/ros2_jazzy/install/ros2pkg:/home/joel/ros2_jazzy/install/ros2node:/home/joel/ros2_jazzy/install/ros2multicast:/home/joel/ros2_jazzy/install/ros2interface:/home/joel/ros2_jazzy/install/ros2action:/home/joel/ros2_jazzy/install/ros2cli:/home/joel/ros2_jazzy/install/launch_testing_ros:/home/joel/ros2_jazzy/install/launch_ros:/home/joel/ros2_jazzy/install/examples_rclpy_minimal_action_server:/home/joel/ros2_jazzy/install/examples_rclpy_minimal_action_client:/home/joel/ros2_jazzy/install/examples_rclpy_guard_conditions:/home/joel/ros2_jazzy/install/action_tutorials_py:/home/joel/ros2_jazzy/install/ament_uncrustify:/home/joel/ros2_jazzy/install/tracetools_trace:/home/joel/ros2_jazzy/install/tracetools_read:/home/joel/ros2_jazzy/install/test_tracetools_launch:/home/joel/ros2_jazzy/install/test_ros2trace:/home/joel/ros2_jazzy/install/test_launch_ros:/home/joel/ros2_jazzy/install/rpyutils:/home/joel/ros2_jazzy/install/rosidl_runtime_py:/home/joel/ros2_jazzy/install/rosidl_pycommon:/home/joel/ros2_jazzy/install/rosidl_cli:/home/joel/ros2_jazzy/install/launch_pytest:/home/joel/ros2_jazzy/install/launch_testing:/home/joel/ros2_jazzy/install/launch_yaml:/home/joel/ros2_jazzy/install/launch_xml:/home/joel/ros2_jazzy/install/launch:/home/joel/ros2_jazzy/install/osrf_pycommon:/home/joel/ros2_jazzy/install/domain_coordinator:/home/joel/ros2_jazzy/install/ament_xmllint:/home/joel/ros2_jazzy/install/ament_pyflakes:/home/joel/ros2_jazzy/install/ament_pycodestyle:/home/joel/ros2_jazzy/install/ament_pep257:/home/joel/ros2_jazzy/install/ament_pclint:/home/joel/ros2_jazzy/install/ament_package:/home/joel/ros2_jazzy/install/ament_mypy:/home/joel/ros2_jazzy/install/ament_lint_cmake:/home/joel/ros2_jazzy/install/ament_flake8:/home/joel/ros2_jazzy/install/ament_copyright:/home/joel/ros2_jazzy/install/ament_lint:/home/joel/ros2_jazzy/install/ament_index_python:/home/joel/ros2_jazzy/install/ament_cpplint:/home/joel/ros2_jazzy/install/ament_cppcheck:/home/joel/ros2_jazzy/install/ament_clang_tidy:/home/joel/ros2_jazzy/install/ament_clang_format:/opt/ros/jazzy DEBUGINFOD_URLS=https://debuginfod.ubuntu.com /usr/bin/cmake --build /home/joel/vsC/Self-Driving-and-ROS-2-Learn-by-Doing-Plan-Navigation/Section3_Introduction_to_ROS_2/bumperbot_ws/build/bumperbot_firmware -- -j8 -l8
[9.824s] [ 16%] [32mBuilding CXX object CMakeFiles/simple_serial_receiver.dir/src/simple_serial_receiver.cpp.o[0m
[9.934s] [ 33%] [32mBuilding CXX object CMakeFiles/bumperbot_firmware.dir/src/bumperbot_interface.cpp.o[0m
[9.961s] [ 33%] Built target ament_cmake_python_copy_bumperbot_firmware
[9.986s] [ 50%] [32mBuilding CXX object CMakeFiles/simple_serial_transmitter.dir/src/simple_serial_transmitter.cpp.o[0m
[11.837s] running egg_info
[11.837s] creating bumperbot_firmware.egg-info
[12.056s] writing bumperbot_firmware.egg-info/PKG-INFO
[12.057s] writing dependency_links to bumperbot_firmware.egg-info/dependency_links.txt
[12.057s] writing top-level names to bumperbot_firmware.egg-info/top_level.txt
[12.061s] writing manifest file 'bumperbot_firmware.egg-info/SOURCES.txt'
[12.587s] reading manifest file 'bumperbot_firmware.egg-info/SOURCES.txt'
[12.587s] writing manifest file 'bumperbot_firmware.egg-info/SOURCES.txt'
[12.826s] [ 50%] Built target ament_cmake_python_build_bumperbot_firmware_egg
[25.132s] [ 66%] [32m[1mLinking CXX executable simple_serial_receiver[0m
[28.266s] [ 83%] [32m[1mLinking CXX shared library libbumperbot_firmware.so[0m
[29.091s] [ 83%] Built target simple_serial_receiver
[34.826s] [100%] [32m[1mLinking CXX executable simple_serial_transmitter[0m
[35.168s] [100%] Built target bumperbot_firmware
[38.035s] [100%] Built target simple_serial_transmitter
[38.158s] Invoked command in '/home/joel/vsC/Self-Driving-and-ROS-2-Learn-by-Doing-Plan-Navigation/Section3_Introduction_to_ROS_2/bumperbot_ws/build/bumperbot_firmware' returned '0': CMAKE_PREFIX_PATH=${CMAKE_PREFIX_PATH}:/home/joel/ros2_jazzy/install/rqt_bag_plugins:/home/joel/ros2_jazzy/install/rqt_bag:/home/joel/ros2_jazzy/install/rosbag2_examples_py:/home/joel/ros2_jazzy/install/launch_testing_examples:/home/joel/ros2_jazzy/install/ros2bag:/home/joel/ros2_jazzy/install/tracetools_test:/home/joel/ros2_jazzy/install/tracetools_launch:/home/joel/ros2_jazzy/install/topic_monitor:/home/joel/ros2_jazzy/install/tf2_tools:/home/joel/ros2_jazzy/install/examples_tf2_py:/home/joel/ros2_jazzy/install/tf2_ros_py:/home/joel/ros2_jazzy/install/examples_rclpy_pointcloud_publisher:/home/joel/ros2_jazzy/install/sensor_msgs_py:/home/joel/ros2_jazzy/install/quality_of_service_demo_py:/home/joel/ros2_jazzy/install/camera_info_manager_py:/home/joel/ros2_jazzy/install/rqt_plot:/home/joel/ros2_jazzy/install/ros2doctor:/home/joel/ros2_jazzy/install/lifecycle_py:/home/joel/ros2_jazzy/install/examples_rclpy_minimal_subscriber:/home/joel/ros2_jazzy/install/examples_rclpy_minimal_service:/home/joel/ros2_jazzy/install/examples_rclpy_minimal_publisher:/home/joel/ros2_jazzy/install/examples_rclpy_minimal_client:/home/joel/ros2_jazzy/install/examples_rclpy_executors:/home/joel/ros2_jazzy/install/demo_nodes_py:/home/joel/ros2_jazzy/install/rqt:/home/joel/ros2_jazzy/install/ros2component:/home/joel/ros2_jazzy/install/sros2:/home/joel/ros2_jazzy/install/rqt_topic:/home/joel/ros2_jazzy/install/rqt_srv:/home/joel/ros2_jazzy/install/rqt_shell:/home/joel/ros2_jazzy/install/rqt_service_caller:/home/joel/ros2_jazzy/install/rqt_reconfigure:/home/joel/ros2_jazzy/install/rqt_py_console:/home/joel/ros2_jazzy/install/rqt_publisher:/home/joel/ros2_jazzy/install/rqt_action:/home/joel/ros2_jazzy/install/rqt_msg:/home/joel/ros2_jazzy/install/rqt_console:/home/joel/ros2_jazzy/install/rqt_graph:/home/joel/ros2_jazzy/install/rqt_gui_py:/home/joel/ros2_jazzy/install/rqt_gui:/home/joel/ros2_jazzy/install/ros2trace:/home/joel/ros2_jazzy/install/ros2topic:/home/joel/ros2_jazzy/install/ros2test:/home/joel/ros2_jazzy/install/ros2param:/home/joel/ros2_jazzy/install/ros2lifecycle:/home/joel/ros2_jazzy/install/ros2service:/home/joel/ros2_jazzy/install/ros2run:/home/joel/ros2_jazzy/install/ros2launch:/home/joel/ros2_jazzy/install/ros2pkg:/home/joel/ros2_jazzy/install/ros2node:/home/joel/ros2_jazzy/install/ros2multicast:/home/joel/ros2_jazzy/install/ros2interface:/home/joel/ros2_jazzy/install/ros2action:/home/joel/ros2_jazzy/install/ros2cli:/home/joel/ros2_jazzy/install/launch_testing_ros:/home/joel/ros2_jazzy/install/launch_ros:/home/joel/ros2_jazzy/install/examples_rclpy_minimal_action_server:/home/joel/ros2_jazzy/install/examples_rclpy_minimal_action_client:/home/joel/ros2_jazzy/install/examples_rclpy_guard_conditions:/home/joel/ros2_jazzy/install/action_tutorials_py:/home/joel/ros2_jazzy/install/ament_uncrustify:/home/joel/ros2_jazzy/install/tracetools_trace:/home/joel/ros2_jazzy/install/tracetools_read:/home/joel/ros2_jazzy/install/test_tracetools_launch:/home/joel/ros2_jazzy/install/test_ros2trace:/home/joel/ros2_jazzy/install/test_launch_ros:/home/joel/ros2_jazzy/install/rpyutils:/home/joel/ros2_jazzy/install/rosidl_runtime_py:/home/joel/ros2_jazzy/install/rosidl_pycommon:/home/joel/ros2_jazzy/install/rosidl_cli:/home/joel/ros2_jazzy/install/launch_pytest:/home/joel/ros2_jazzy/install/launch_testing:/home/joel/ros2_jazzy/install/launch_yaml:/home/joel/ros2_jazzy/install/launch_xml:/home/joel/ros2_jazzy/install/launch:/home/joel/ros2_jazzy/install/osrf_pycommon:/home/joel/ros2_jazzy/install/domain_coordinator:/home/joel/ros2_jazzy/install/ament_xmllint:/home/joel/ros2_jazzy/install/ament_pyflakes:/home/joel/ros2_jazzy/install/ament_pycodestyle:/home/joel/ros2_jazzy/install/ament_pep257:/home/joel/ros2_jazzy/install/ament_pclint:/home/joel/ros2_jazzy/install/ament_package:/home/joel/ros2_jazzy/install/ament_mypy:/home/joel/ros2_jazzy/install/ament_lint_cmake:/home/joel/ros2_jazzy/install/ament_flake8:/home/joel/ros2_jazzy/install/ament_copyright:/home/joel/ros2_jazzy/install/ament_lint:/home/joel/ros2_jazzy/install/ament_index_python:/home/joel/ros2_jazzy/install/ament_cpplint:/home/joel/ros2_jazzy/install/ament_cppcheck:/home/joel/ros2_jazzy/install/ament_clang_tidy:/home/joel/ros2_jazzy/install/ament_clang_format:/opt/ros/jazzy DEBUGINFOD_URLS=https://debuginfod.ubuntu.com /usr/bin/cmake --build /home/joel/vsC/Self-Driving-and-ROS-2-Learn-by-Doing-Plan-Navigation/Section3_Introduction_to_ROS_2/bumperbot_ws/build/bumperbot_firmware -- -j8 -l8
[38.167s] Invoking command in '/home/joel/vsC/Self-Driving-and-ROS-2-Learn-by-Doing-Plan-Navigation/Section3_Introduction_to_ROS_2/bumperbot_ws/build/bumperbot_firmware': CMAKE_PREFIX_PATH=${CMAKE_PREFIX_PATH}:/home/joel/ros2_jazzy/install/rqt_bag_plugins:/home/joel/ros2_jazzy/install/rqt_bag:/home/joel/ros2_jazzy/install/rosbag2_examples_py:/home/joel/ros2_jazzy/install/launch_testing_examples:/home/joel/ros2_jazzy/install/ros2bag:/home/joel/ros2_jazzy/install/tracetools_test:/home/joel/ros2_jazzy/install/tracetools_launch:/home/joel/ros2_jazzy/install/topic_monitor:/home/joel/ros2_jazzy/install/tf2_tools:/home/joel/ros2_jazzy/install/examples_tf2_py:/home/joel/ros2_jazzy/install/tf2_ros_py:/home/joel/ros2_jazzy/install/examples_rclpy_pointcloud_publisher:/home/joel/ros2_jazzy/install/sensor_msgs_py:/home/joel/ros2_jazzy/install/quality_of_service_demo_py:/home/joel/ros2_jazzy/install/camera_info_manager_py:/home/joel/ros2_jazzy/install/rqt_plot:/home/joel/ros2_jazzy/install/ros2doctor:/home/joel/ros2_jazzy/install/lifecycle_py:/home/joel/ros2_jazzy/install/examples_rclpy_minimal_subscriber:/home/joel/ros2_jazzy/install/examples_rclpy_minimal_service:/home/joel/ros2_jazzy/install/examples_rclpy_minimal_publisher:/home/joel/ros2_jazzy/install/examples_rclpy_minimal_client:/home/joel/ros2_jazzy/install/examples_rclpy_executors:/home/joel/ros2_jazzy/install/demo_nodes_py:/home/joel/ros2_jazzy/install/rqt:/home/joel/ros2_jazzy/install/ros2component:/home/joel/ros2_jazzy/install/sros2:/home/joel/ros2_jazzy/install/rqt_topic:/home/joel/ros2_jazzy/install/rqt_srv:/home/joel/ros2_jazzy/install/rqt_shell:/home/joel/ros2_jazzy/install/rqt_service_caller:/home/joel/ros2_jazzy/install/rqt_reconfigure:/home/joel/ros2_jazzy/install/rqt_py_console:/home/joel/ros2_jazzy/install/rqt_publisher:/home/joel/ros2_jazzy/install/rqt_action:/home/joel/ros2_jazzy/install/rqt_msg:/home/joel/ros2_jazzy/install/rqt_console:/home/joel/ros2_jazzy/install/rqt_graph:/home/joel/ros2_jazzy/install/rqt_gui_py:/home/joel/ros2_jazzy/install/rqt_gui:/home/joel/ros2_jazzy/install/ros2trace:/home/joel/ros2_jazzy/install/ros2topic:/home/joel/ros2_jazzy/install/ros2test:/home/joel/ros2_jazzy/install/ros2param:/home/joel/ros2_jazzy/install/ros2lifecycle:/home/joel/ros2_jazzy/install/ros2service:/home/joel/ros2_jazzy/install/ros2run:/home/joel/ros2_jazzy/install/ros2launch:/home/joel/ros2_jazzy/install/ros2pkg:/home/joel/ros2_jazzy/install/ros2node:/home/joel/ros2_jazzy/install/ros2multicast:/home/joel/ros2_jazzy/install/ros2interface:/home/joel/ros2_jazzy/install/ros2action:/home/joel/ros2_jazzy/install/ros2cli:/home/joel/ros2_jazzy/install/launch_testing_ros:/home/joel/ros2_jazzy/install/launch_ros:/home/joel/ros2_jazzy/install/examples_rclpy_minimal_action_server:/home/joel/ros2_jazzy/install/examples_rclpy_minimal_action_client:/home/joel/ros2_jazzy/install/examples_rclpy_guard_conditions:/home/joel/ros2_jazzy/install/action_tutorials_py:/home/joel/ros2_jazzy/install/ament_uncrustify:/home/joel/ros2_jazzy/install/tracetools_trace:/home/joel/ros2_jazzy/install/tracetools_read:/home/joel/ros2_jazzy/install/test_tracetools_launch:/home/joel/ros2_jazzy/install/test_ros2trace:/home/joel/ros2_jazzy/install/test_launch_ros:/home/joel/ros2_jazzy/install/rpyutils:/home/joel/ros2_jazzy/install/rosidl_runtime_py:/home/joel/ros2_jazzy/install/rosidl_pycommon:/home/joel/ros2_jazzy/install/rosidl_cli:/home/joel/ros2_jazzy/install/launch_pytest:/home/joel/ros2_jazzy/install/launch_testing:/home/joel/ros2_jazzy/install/launch_yaml:/home/joel/ros2_jazzy/install/launch_xml:/home/joel/ros2_jazzy/install/launch:/home/joel/ros2_jazzy/install/osrf_pycommon:/home/joel/ros2_jazzy/install/domain_coordinator:/home/joel/ros2_jazzy/install/ament_xmllint:/home/joel/ros2_jazzy/install/ament_pyflakes:/home/joel/ros2_jazzy/install/ament_pycodestyle:/home/joel/ros2_jazzy/install/ament_pep257:/home/joel/ros2_jazzy/install/ament_pclint:/home/joel/ros2_jazzy/install/ament_package:/home/joel/ros2_jazzy/install/ament_mypy:/home/joel/ros2_jazzy/install/ament_lint_cmake:/home/joel/ros2_jazzy/install/ament_flake8:/home/joel/ros2_jazzy/install/ament_copyright:/home/joel/ros2_jazzy/install/ament_lint:/home/joel/ros2_jazzy/install/ament_index_python:/home/joel/ros2_jazzy/install/ament_cpplint:/home/joel/ros2_jazzy/install/ament_cppcheck:/home/joel/ros2_jazzy/install/ament_clang_tidy:/home/joel/ros2_jazzy/install/ament_clang_format:/opt/ros/jazzy DEBUGINFOD_URLS=https://debuginfod.ubuntu.com /usr/bin/cmake --install /home/joel/vsC/Self-Driving-and-ROS-2-Learn-by-Doing-Plan-Navigation/Section3_Introduction_to_ROS_2/bumperbot_ws/build/bumperbot_firmware
[38.290s] -- Install configuration: ""
[38.291s] -- Installing: /home/joel/vsC/Self-Driving-and-ROS-2-Learn-by-Doing-Plan-Navigation/Section3_Introduction_to_ROS_2/bumperbot_ws/install/bumperbot_firmware/share/bumperbot_firmware/environment/pythonpath.sh
[38.300s] -- Installing: /home/joel/vsC/Self-Driving-and-ROS-2-Learn-by-Doing-Plan-Navigation/Section3_Introduction_to_ROS_2/bumperbot_ws/install/bumperbot_firmware/share/bumperbot_firmware/environment/pythonpath.dsv
[38.300s] -- Installing: /home/joel/vsC/Self-Driving-and-ROS-2-Learn-by-Doing-Plan-Navigation/Section3_Introduction_to_ROS_2/bumperbot_ws/install/bumperbot_firmware/lib/python3.12/site-packages/bumperbot_firmware-0.0.0-py3.12.egg-info
[38.300s] -- Installing: /home/joel/vsC/Self-Driving-and-ROS-2-Learn-by-Doing-Plan-Navigation/Section3_Introduction_to_ROS_2/bumperbot_ws/install/bumperbot_firmware/lib/python3.12/site-packages/bumperbot_firmware-0.0.0-py3.12.egg-info/dependency_links.txt
[38.302s] -- Installing: /home/joel/vsC/Self-Driving-and-ROS-2-Learn-by-Doing-Plan-Navigation/Section3_Introduction_to_ROS_2/bumperbot_ws/install/bumperbot_firmware/lib/python3.12/site-packages/bumperbot_firmware-0.0.0-py3.12.egg-info/SOURCES.txt
[38.302s] -- Installing: /home/joel/vsC/Self-Driving-and-ROS-2-Learn-by-Doing-Plan-Navigation/Section3_Introduction_to_ROS_2/bumperbot_ws/install/bumperbot_firmware/lib/python3.12/site-packages/bumperbot_firmware-0.0.0-py3.12.egg-info/PKG-INFO
[38.303s] -- Installing: /home/joel/vsC/Self-Driving-and-ROS-2-Learn-by-Doing-Plan-Navigation/Section3_Introduction_to_ROS_2/bumperbot_ws/install/bumperbot_firmware/lib/python3.12/site-packages/bumperbot_firmware-0.0.0-py3.12.egg-info/top_level.txt
[38.307s] -- Installing: /home/joel/vsC/Self-Driving-and-ROS-2-Learn-by-Doing-Plan-Navigation/Section3_Introduction_to_ROS_2/bumperbot_ws/install/bumperbot_firmware/lib/python3.12/site-packages/bumperbot_firmware
[38.308s] -- Installing: /home/joel/vsC/Self-Driving-and-ROS-2-Learn-by-Doing-Plan-Navigation/Section3_Introduction_to_ROS_2/bumperbot_ws/install/bumperbot_firmware/lib/python3.12/site-packages/bumperbot_firmware/__init__.py
[38.308s] -- Installing: /home/joel/vsC/Self-Driving-and-ROS-2-Learn-by-Doing-Plan-Navigation/Section3_Introduction_to_ROS_2/bumperbot_ws/install/bumperbot_firmware/lib/python3.12/site-packages/bumperbot_firmware/simple_serial_transmitter.py
[38.313s] -- Installing: /home/joel/vsC/Self-Driving-and-ROS-2-Learn-by-Doing-Plan-Navigation/Section3_Introduction_to_ROS_2/bumperbot_ws/install/bumperbot_firmware/lib/python3.12/site-packages/bumperbot_firmware/simple_serial_receiver.py
[38.313s] -- Installing: /home/joel/vsC/Self-Driving-and-ROS-2-Learn-by-Doing-Plan-Navigation/Section3_Introduction_to_ROS_2/bumperbot_ws/install/bumperbot_firmware/lib/python3.12/site-packages/bumperbot_firmware/mpu6050_driver.py
[38.855s] Listing '/home/joel/vsC/Self-Driving-and-ROS-2-Learn-by-Doing-Plan-Navigation/Section3_Introduction_to_ROS_2/bumperbot_ws/install/bumperbot_firmware/lib/python3.12/site-packages/bumperbot_firmware'...
[38.855s] Compiling '/home/joel/vsC/Self-Driving-and-ROS-2-Learn-by-Doing-Plan-Navigation/Section3_Introduction_to_ROS_2/bumperbot_ws/install/bumperbot_firmware/lib/python3.12/site-packages/bumperbot_firmware/__init__.py'...
[38.855s] Compiling '/home/joel/vsC/Self-Driving-and-ROS-2-Learn-by-Doing-Plan-Navigation/Section3_Introduction_to_ROS_2/bumperbot_ws/install/bumperbot_firmware/lib/python3.12/site-packages/bumperbot_firmware/mpu6050_driver.py'...
[38.856s] Compiling '/home/joel/vsC/Self-Driving-and-ROS-2-Learn-by-Doing-Plan-Navigation/Section3_Introduction_to_ROS_2/bumperbot_ws/install/bumperbot_firmware/lib/python3.12/site-packages/bumperbot_firmware/simple_serial_receiver.py'...
[38.856s] Compiling '/home/joel/vsC/Self-Driving-and-ROS-2-Learn-by-Doing-Plan-Navigation/Section3_Introduction_to_ROS_2/bumperbot_ws/install/bumperbot_firmware/lib/python3.12/site-packages/bumperbot_firmware/simple_serial_transmitter.py'...
[38.947s] -- Installing: /home/joel/vsC/Self-Driving-and-ROS-2-Learn-by-Doing-Plan-Navigation/Section3_Introduction_to_ROS_2/bumperbot_ws/install/bumperbot_firmware/share/bumperbot_firmware/bumperbot_interface.xml
[38.948s] -- Installing: /home/joel/vsC/Self-Driving-and-ROS-2-Learn-by-Doing-Plan-Navigation/Section3_Introduction_to_ROS_2/bumperbot_ws/install/bumperbot_firmware/lib/libbumperbot_firmware.so
[38.952s] -- Set non-toolchain portion of runtime path of "/home/joel/vsC/Self-Driving-and-ROS-2-Learn-by-Doing-Plan-Navigation/Section3_Introduction_to_ROS_2/bumperbot_ws/install/bumperbot_firmware/lib/libbumperbot_firmware.so" to ""
[38.963s] -- Installing: /home/joel/vsC/Self-Driving-and-ROS-2-Learn-by-Doing-Plan-Navigation/Section3_Introduction_to_ROS_2/bumperbot_ws/install/bumperbot_firmware/include/include
[38.963s] -- Installing: /home/joel/vsC/Self-Driving-and-ROS-2-Learn-by-Doing-Plan-Navigation/Section3_Introduction_to_ROS_2/bumperbot_ws/install/bumperbot_firmware/include/include/bumperbot_firmware
[38.970s] -- Installing: /home/joel/vsC/Self-Driving-and-ROS-2-Learn-by-Doing-Plan-Navigation/Section3_Introduction_to_ROS_2/bumperbot_ws/install/bumperbot_firmware/include/include/bumperbot_firmware/bumperbot_interface.hpp
[38.976s] -- Installing: /home/joel/vsC/Self-Driving-and-ROS-2-Learn-by-Doing-Plan-Navigation/Section3_Introduction_to_ROS_2/bumperbot_ws/install/bumperbot_firmware/share/bumperbot_firmware/launch
[38.978s] -- Installing: /home/joel/vsC/Self-Driving-and-ROS-2-Learn-by-Doing-Plan-Navigation/Section3_Introduction_to_ROS_2/bumperbot_ws/install/bumperbot_firmware/share/bumperbot_firmware/launch/hardware_interface.launch.py
[38.978s] -- Installing: /home/joel/vsC/Self-Driving-and-ROS-2-Learn-by-Doing-Plan-Navigation/Section3_Introduction_to_ROS_2/bumperbot_ws/install/bumperbot_firmware/lib/bumperbot_firmware/simple_serial_transmitter.py
[38.982s] -- Installing: /home/joel/vsC/Self-Driving-and-ROS-2-Learn-by-Doing-Plan-Navigation/Section3_Introduction_to_ROS_2/bumperbot_ws/install/bumperbot_firmware/lib/bumperbot_firmware/simple_serial_receiver.py
[38.982s] -- Installing: /home/joel/vsC/Self-Driving-and-ROS-2-Learn-by-Doing-Plan-Navigation/Section3_Introduction_to_ROS_2/bumperbot_ws/install/bumperbot_firmware/lib/bumperbot_firmware/mpu6050_driver.py
[38.983s] -- Installing: /home/joel/vsC/Self-Driving-and-ROS-2-Learn-by-Doing-Plan-Navigation/Section3_Introduction_to_ROS_2/bumperbot_ws/install/bumperbot_firmware/lib/bumperbot_firmware/simple_serial_receiver
[38.983s] -- Set non-toolchain portion of runtime path of "/home/joel/vsC/Self-Driving-and-ROS-2-Learn-by-Doing-Plan-Navigation/Section3_Introduction_to_ROS_2/bumperbot_ws/install/bumperbot_firmware/lib/bumperbot_firmware/simple_serial_receiver" to ""
[38.985s] -- Installing: /home/joel/vsC/Self-Driving-and-ROS-2-Learn-by-Doing-Plan-Navigation/Section3_Introduction_to_ROS_2/bumperbot_ws/install/bumperbot_firmware/lib/bumperbot_firmware/simple_serial_transmitter
[39.009s] -- Set non-toolchain portion of runtime path of "/home/joel/vsC/Self-Driving-and-ROS-2-Learn-by-Doing-Plan-Navigation/Section3_Introduction_to_ROS_2/bumperbot_ws/install/bumperbot_firmware/lib/bumperbot_firmware/simple_serial_transmitter" to ""
[39.015s] -- Installing: /home/joel/vsC/Self-Driving-and-ROS-2-Learn-by-Doing-Plan-Navigation/Section3_Introduction_to_ROS_2/bumperbot_ws/install/bumperbot_firmware/share/bumperbot_firmware/environment/library_path.sh
[39.027s] -- Installing: /home/joel/vsC/Self-Driving-and-ROS-2-Learn-by-Doing-Plan-Navigation/Section3_Introduction_to_ROS_2/bumperbot_ws/install/bumperbot_firmware/share/bumperbot_firmware/environment/library_path.dsv
[39.029s] -- Installing: /home/joel/vsC/Self-Driving-and-ROS-2-Learn-by-Doing-Plan-Navigation/Section3_Introduction_to_ROS_2/bumperbot_ws/install/bumperbot_firmware/share/ament_index/resource_index/package_run_dependencies/bumperbot_firmware
[39.030s] -- Installing: /home/joel/vsC/Self-Driving-and-ROS-2-Learn-by-Doing-Plan-Navigation/Section3_Introduction_to_ROS_2/bumperbot_ws/install/bumperbot_firmware/share/ament_index/resource_index/parent_prefix_path/bumperbot_firmware
[39.031s] -- Installing: /home/joel/vsC/Self-Driving-and-ROS-2-Learn-by-Doing-Plan-Navigation/Section3_Introduction_to_ROS_2/bumperbot_ws/install/bumperbot_firmware/share/bumperbot_firmware/environment/ament_prefix_path.sh
[39.031s] -- Installing: /home/joel/vsC/Self-Driving-and-ROS-2-Learn-by-Doing-Plan-Navigation/Section3_Introduction_to_ROS_2/bumperbot_ws/install/bumperbot_firmware/share/bumperbot_firmware/environment/ament_prefix_path.dsv
[39.031s] -- Installing: /home/joel/vsC/Self-Driving-and-ROS-2-Learn-by-Doing-Plan-Navigation/Section3_Introduction_to_ROS_2/bumperbot_ws/install/bumperbot_firmware/share/bumperbot_firmware/environment/path.sh
[39.031s] -- Installing: /home/joel/vsC/Self-Driving-and-ROS-2-Learn-by-Doing-Plan-Navigation/Section3_Introduction_to_ROS_2/bumperbot_ws/install/bumperbot_firmware/share/bumperbot_firmware/environment/path.dsv
[39.031s] -- Installing: /home/joel/vsC/Self-Driving-and-ROS-2-Learn-by-Doing-Plan-Navigation/Section3_Introduction_to_ROS_2/bumperbot_ws/install/bumperbot_firmware/share/bumperbot_firmware/local_setup.bash
[39.031s] -- Installing: /home/joel/vsC/Self-Driving-and-ROS-2-Learn-by-Doing-Plan-Navigation/Section3_Introduction_to_ROS_2/bumperbot_ws/install/bumperbot_firmware/share/bumperbot_firmware/local_setup.sh
[39.032s] -- Installing: /home/joel/vsC/Self-Driving-and-ROS-2-Learn-by-Doing-Plan-Navigation/Section3_Introduction_to_ROS_2/bumperbot_ws/install/bumperbot_firmware/share/bumperbot_firmware/local_setup.zsh
[39.034s] -- Installing: /home/joel/vsC/Self-Driving-and-ROS-2-Learn-by-Doing-Plan-Navigation/Section3_Introduction_to_ROS_2/bumperbot_ws/install/bumperbot_firmware/share/bumperbot_firmware/local_setup.dsv
[39.039s] -- Installing: /home/joel/vsC/Self-Driving-and-ROS-2-Learn-by-Doing-Plan-Navigation/Section3_Introduction_to_ROS_2/bumperbot_ws/install/bumperbot_firmware/share/bumperbot_firmware/package.dsv
[39.042s] -- Installing: /home/joel/vsC/Self-Driving-and-ROS-2-Learn-by-Doing-Plan-Navigation/Section3_Introduction_to_ROS_2/bumperbot_ws/install/bumperbot_firmware/share/ament_index/resource_index/packages/bumperbot_firmware
[39.042s] -- Installing: /home/joel/vsC/Self-Driving-and-ROS-2-Learn-by-Doing-Plan-Navigation/Section3_Introduction_to_ROS_2/bumperbot_ws/install/bumperbot_firmware/share/ament_index/resource_index/hardware_interface__pluginlib__plugin/bumperbot_firmware
[39.049s] -- Installing: /home/joel/vsC/Self-Driving-and-ROS-2-Learn-by-Doing-Plan-Navigation/Section3_Introduction_to_ROS_2/bumperbot_ws/install/bumperbot_firmware/share/bumperbot_firmware/cmake/ament_cmake_export_include_directories-extras.cmake
[39.049s] -- Installing: /home/joel/vsC/Self-Driving-and-ROS-2-Learn-by-Doing-Plan-Navigation/Section3_Introduction_to_ROS_2/bumperbot_ws/install/bumperbot_firmware/share/bumperbot_firmware/cmake/ament_cmake_export_libraries-extras.cmake
[39.049s] -- Installing: /home/joel/vsC/Self-Driving-and-ROS-2-Learn-by-Doing-Plan-Navigation/Section3_Introduction_to_ROS_2/bumperbot_ws/install/bumperbot_firmware/share/bumperbot_firmware/cmake/ament_cmake_export_dependencies-extras.cmake
[39.050s] -- Installing: /home/joel/vsC/Self-Driving-and-ROS-2-Learn-by-Doing-Plan-Navigation/Section3_Introduction_to_ROS_2/bumperbot_ws/install/bumperbot_firmware/share/bumperbot_firmware/cmake/bumperbot_firmwareConfig.cmake
[39.055s] -- Installing: /home/joel/vsC/Self-Driving-and-ROS-2-Learn-by-Doing-Plan-Navigation/Section3_Introduction_to_ROS_2/bumperbot_ws/install/bumperbot_firmware/share/bumperbot_firmware/cmake/bumperbot_firmwareConfig-version.cmake
[39.055s] -- Installing: /home/joel/vsC/Self-Driving-and-ROS-2-Learn-by-Doing-Plan-Navigation/Section3_Introduction_to_ROS_2/bumperbot_ws/install/bumperbot_firmware/share/bumperbot_firmware/package.xml
[39.079s] Invoked command in '/home/joel/vsC/Self-Driving-and-ROS-2-Learn-by-Doing-Plan-Navigation/Section3_Introduction_to_ROS_2/bumperbot_ws/build/bumperbot_firmware' returned '0': CMAKE_PREFIX_PATH=${CMAKE_PREFIX_PATH}:/home/joel/ros2_jazzy/install/rqt_bag_plugins:/home/joel/ros2_jazzy/install/rqt_bag:/home/joel/ros2_jazzy/install/rosbag2_examples_py:/home/joel/ros2_jazzy/install/launch_testing_examples:/home/joel/ros2_jazzy/install/ros2bag:/home/joel/ros2_jazzy/install/tracetools_test:/home/joel/ros2_jazzy/install/tracetools_launch:/home/joel/ros2_jazzy/install/topic_monitor:/home/joel/ros2_jazzy/install/tf2_tools:/home/joel/ros2_jazzy/install/examples_tf2_py:/home/joel/ros2_jazzy/install/tf2_ros_py:/home/joel/ros2_jazzy/install/examples_rclpy_pointcloud_publisher:/home/joel/ros2_jazzy/install/sensor_msgs_py:/home/joel/ros2_jazzy/install/quality_of_service_demo_py:/home/joel/ros2_jazzy/install/camera_info_manager_py:/home/joel/ros2_jazzy/install/rqt_plot:/home/joel/ros2_jazzy/install/ros2doctor:/home/joel/ros2_jazzy/install/lifecycle_py:/home/joel/ros2_jazzy/install/examples_rclpy_minimal_subscriber:/home/joel/ros2_jazzy/install/examples_rclpy_minimal_service:/home/joel/ros2_jazzy/install/examples_rclpy_minimal_publisher:/home/joel/ros2_jazzy/install/examples_rclpy_minimal_client:/home/joel/ros2_jazzy/install/examples_rclpy_executors:/home/joel/ros2_jazzy/install/demo_nodes_py:/home/joel/ros2_jazzy/install/rqt:/home/joel/ros2_jazzy/install/ros2component:/home/joel/ros2_jazzy/install/sros2:/home/joel/ros2_jazzy/install/rqt_topic:/home/joel/ros2_jazzy/install/rqt_srv:/home/joel/ros2_jazzy/install/rqt_shell:/home/joel/ros2_jazzy/install/rqt_service_caller:/home/joel/ros2_jazzy/install/rqt_reconfigure:/home/joel/ros2_jazzy/install/rqt_py_console:/home/joel/ros2_jazzy/install/rqt_publisher:/home/joel/ros2_jazzy/install/rqt_action:/home/joel/ros2_jazzy/install/rqt_msg:/home/joel/ros2_jazzy/install/rqt_console:/home/joel/ros2_jazzy/install/rqt_graph:/home/joel/ros2_jazzy/install/rqt_gui_py:/home/joel/ros2_jazzy/install/rqt_gui:/home/joel/ros2_jazzy/install/ros2trace:/home/joel/ros2_jazzy/install/ros2topic:/home/joel/ros2_jazzy/install/ros2test:/home/joel/ros2_jazzy/install/ros2param:/home/joel/ros2_jazzy/install/ros2lifecycle:/home/joel/ros2_jazzy/install/ros2service:/home/joel/ros2_jazzy/install/ros2run:/home/joel/ros2_jazzy/install/ros2launch:/home/joel/ros2_jazzy/install/ros2pkg:/home/joel/ros2_jazzy/install/ros2node:/home/joel/ros2_jazzy/install/ros2multicast:/home/joel/ros2_jazzy/install/ros2interface:/home/joel/ros2_jazzy/install/ros2action:/home/joel/ros2_jazzy/install/ros2cli:/home/joel/ros2_jazzy/install/launch_testing_ros:/home/joel/ros2_jazzy/install/launch_ros:/home/joel/ros2_jazzy/install/examples_rclpy_minimal_action_server:/home/joel/ros2_jazzy/install/examples_rclpy_minimal_action_client:/home/joel/ros2_jazzy/install/examples_rclpy_guard_conditions:/home/joel/ros2_jazzy/install/action_tutorials_py:/home/joel/ros2_jazzy/install/ament_uncrustify:/home/joel/ros2_jazzy/install/tracetools_trace:/home/joel/ros2_jazzy/install/tracetools_read:/home/joel/ros2_jazzy/install/test_tracetools_launch:/home/joel/ros2_jazzy/install/test_ros2trace:/home/joel/ros2_jazzy/install/test_launch_ros:/home/joel/ros2_jazzy/install/rpyutils:/home/joel/ros2_jazzy/install/rosidl_runtime_py:/home/joel/ros2_jazzy/install/rosidl_pycommon:/home/joel/ros2_jazzy/install/rosidl_cli:/home/joel/ros2_jazzy/install/launch_pytest:/home/joel/ros2_jazzy/install/launch_testing:/home/joel/ros2_jazzy/install/launch_yaml:/home/joel/ros2_jazzy/install/launch_xml:/home/joel/ros2_jazzy/install/launch:/home/joel/ros2_jazzy/install/osrf_pycommon:/home/joel/ros2_jazzy/install/domain_coordinator:/home/joel/ros2_jazzy/install/ament_xmllint:/home/joel/ros2_jazzy/install/ament_pyflakes:/home/joel/ros2_jazzy/install/ament_pycodestyle:/home/joel/ros2_jazzy/install/ament_pep257:/home/joel/ros2_jazzy/install/ament_pclint:/home/joel/ros2_jazzy/install/ament_package:/home/joel/ros2_jazzy/install/ament_mypy:/home/joel/ros2_jazzy/install/ament_lint_cmake:/home/joel/ros2_jazzy/install/ament_flake8:/home/joel/ros2_jazzy/install/ament_copyright:/home/joel/ros2_jazzy/install/ament_lint:/home/joel/ros2_jazzy/install/ament_index_python:/home/joel/ros2_jazzy/install/ament_cpplint:/home/joel/ros2_jazzy/install/ament_cppcheck:/home/joel/ros2_jazzy/install/ament_clang_tidy:/home/joel/ros2_jazzy/install/ament_clang_format:/opt/ros/jazzy DEBUGINFOD_URLS=https://debuginfod.ubuntu.com /usr/bin/cmake --install /home/joel/vsC/Self-Driving-and-ROS-2-Learn-by-Doing-Plan-Navigation/Section3_Introduction_to_ROS_2/bumperbot_ws/build/bumperbot_firmware
