[2.369s] Invoking command in '/home/joel/vsC/Self-Driving-and-ROS-2-Learn-by-Doing-Plan-Navigation/Section3_Introduction_to_ROS_2/bumperbot_ws/src/bumperbot_py_examples': AMENT_PREFIX_PATH=/home/joel/vsC/Self-Driving-and-ROS-2-Learn-by-Doing-Plan-Navigation/Section3_Introduction_to_ROS_2/bumperbot_ws/install/bumperbot_msgs:${AMENT_PREFIX_PATH} CMAKE_PREFIX_PATH=/home/joel/vsC/Self-Driving-and-ROS-2-Learn-by-Doing-Plan-Navigation/Section3_Introduction_to_ROS_2/bumperbot_ws/install/bumperbot_msgs:${CMAKE_PREFIX_PATH} DEBUGINFOD_URLS=https://debuginfod.ubuntu.com LD_LIBRARY_PATH=/home/joel/vsC/Self-Driving-and-ROS-2-Learn-by-Doing-Plan-Navigation/Section3_Introduction_to_ROS_2/bumperbot_ws/install/bumperbot_msgs/lib:${LD_LIBRARY_PATH} PYTHONPATH=/home/joel/vsC/Self-Driving-and-ROS-2-Learn-by-Doing-Plan-Navigation/Section3_Introduction_to_ROS_2/bumperbot_ws/build/bumperbot_py_examples/prefix_override:/usr/lib/python3/dist-packages/colcon_core/task/python/colcon_distutils_commands:/home/joel/vsC/Self-Driving-and-ROS-2-Learn-by-Doing-Plan-Navigation/Section3_Introduction_to_ROS_2/bumperbot_ws/install/bumperbot_py_examples/lib/python3.12/site-packages:/home/joel/vsC/Self-Driving-and-ROS-2-Learn-by-Doing-Plan-Navigation/Section3_Introduction_to_ROS_2/bumperbot_ws/install/bumperbot_msgs/lib/python3.12/site-packages:${PYTHONPATH} /usr/bin/python3 -W ignore:setup.py install is deprecated -W ignore:easy_install command is deprecated setup.py egg_info --egg-base ../../build/bumperbot_py_examples build --build-base /home/joel/vsC/Self-Driving-and-ROS-2-Learn-by-Doing-Plan-Navigation/Section3_Introduction_to_ROS_2/bumperbot_ws/build/bumperbot_py_examples/build install --record /home/joel/vsC/Self-Driving-and-ROS-2-Learn-by-Doing-Plan-Navigation/Section3_Introduction_to_ROS_2/bumperbot_ws/build/bumperbot_py_examples/install.log --single-version-externally-managed install_data
[3.147s] running egg_info
[3.148s] creating ../../build/bumperbot_py_examples/bumperbot_py_examples.egg-info
[3.197s] writing ../../build/bumperbot_py_examples/bumperbot_py_examples.egg-info/PKG-INFO
[3.197s] writing dependency_links to ../../build/bumperbot_py_examples/bumperbot_py_examples.egg-info/dependency_links.txt
[3.197s] writing entry points to ../../build/bumperbot_py_examples/bumperbot_py_examples.egg-info/entry_points.txt
[3.198s] writing requirements to ../../build/bumperbot_py_examples/bumperbot_py_examples.egg-info/requires.txt
[3.198s] writing top-level names to ../../build/bumperbot_py_examples/bumperbot_py_examples.egg-info/top_level.txt
[3.198s] writing manifest file '../../build/bumperbot_py_examples/bumperbot_py_examples.egg-info/SOURCES.txt'
[3.306s] reading manifest file '../../build/bumperbot_py_examples/bumperbot_py_examples.egg-info/SOURCES.txt'
[3.307s] writing manifest file '../../build/bumperbot_py_examples/bumperbot_py_examples.egg-info/SOURCES.txt'
[3.307s] running build
[3.308s] running build_py
[3.308s] creating /home/joel/vsC/Self-Driving-and-ROS-2-Learn-by-Doing-Plan-Navigation/Section3_Introduction_to_ROS_2/bumperbot_ws/build/bumperbot_py_examples/build
[3.308s] creating /home/joel/vsC/Self-Driving-and-ROS-2-Learn-by-Doing-Plan-Navigation/Section3_Introduction_to_ROS_2/bumperbot_ws/build/bumperbot_py_examples/build/lib
[3.308s] creating /home/joel/vsC/Self-Driving-and-ROS-2-Learn-by-Doing-Plan-Navigation/Section3_Introduction_to_ROS_2/bumperbot_ws/build/bumperbot_py_examples/build/lib/bumperbot_py_examples
[3.308s] copying bumperbot_py_examples/simple_turtlesim_kinematics.py -> /home/joel/vsC/Self-Driving-and-ROS-2-Learn-by-Doing-Plan-Navigation/Section3_Introduction_to_ROS_2/bumperbot_ws/build/bumperbot_py_examples/build/lib/bumperbot_py_examples
[3.309s] copying bumperbot_py_examples/simple_publisher.py -> /home/joel/vsC/Self-Driving-and-ROS-2-Learn-by-Doing-Plan-Navigation/Section3_Introduction_to_ROS_2/bumperbot_ws/build/bumperbot_py_examples/build/lib/bumperbot_py_examples
[3.309s] copying bumperbot_py_examples/simple_action_server.py -> /home/joel/vsC/Self-Driving-and-ROS-2-Learn-by-Doing-Plan-Navigation/Section3_Introduction_to_ROS_2/bumperbot_ws/build/bumperbot_py_examples/build/lib/bumperbot_py_examples
[3.309s] copying bumperbot_py_examples/simple_tf_kinematics.py -> /home/joel/vsC/Self-Driving-and-ROS-2-Learn-by-Doing-Plan-Navigation/Section3_Introduction_to_ROS_2/bumperbot_ws/build/bumperbot_py_examples/build/lib/bumperbot_py_examples
[3.310s] copying bumperbot_py_examples/simple_action_client.py -> /home/joel/vsC/Self-Driving-and-ROS-2-Learn-by-Doing-Plan-Navigation/Section3_Introduction_to_ROS_2/bumperbot_ws/build/bumperbot_py_examples/build/lib/bumperbot_py_examples
[3.310s] copying bumperbot_py_examples/__init__.py -> /home/joel/vsC/Self-Driving-and-ROS-2-Learn-by-Doing-Plan-Navigation/Section3_Introduction_to_ROS_2/bumperbot_ws/build/bumperbot_py_examples/build/lib/bumperbot_py_examples
[3.310s] copying bumperbot_py_examples/simple_parameter.py -> /home/joel/vsC/Self-Driving-and-ROS-2-Learn-by-Doing-Plan-Navigation/Section3_Introduction_to_ROS_2/bumperbot_ws/build/bumperbot_py_examples/build/lib/bumperbot_py_examples
[3.310s] copying bumperbot_py_examples/simple_qos_publisher.py -> /home/joel/vsC/Self-Driving-and-ROS-2-Learn-by-Doing-Plan-Navigation/Section3_Introduction_to_ROS_2/bumperbot_ws/build/bumperbot_py_examples/build/lib/bumperbot_py_examples
[3.310s] copying bumperbot_py_examples/simple_lifecycle_node.py -> /home/joel/vsC/Self-Driving-and-ROS-2-Learn-by-Doing-Plan-Navigation/Section3_Introduction_to_ROS_2/bumperbot_ws/build/bumperbot_py_examples/build/lib/bumperbot_py_examples
[3.311s] copying bumperbot_py_examples/simple_subscriber.py -> /home/joel/vsC/Self-Driving-and-ROS-2-Learn-by-Doing-Plan-Navigation/Section3_Introduction_to_ROS_2/bumperbot_ws/build/bumperbot_py_examples/build/lib/bumperbot_py_examples
[3.311s] copying bumperbot_py_examples/simple_service_server.py -> /home/joel/vsC/Self-Driving-and-ROS-2-Learn-by-Doing-Plan-Navigation/Section3_Introduction_to_ROS_2/bumperbot_ws/build/bumperbot_py_examples/build/lib/bumperbot_py_examples
[3.312s] copying bumperbot_py_examples/simple_service_client.py -> /home/joel/vsC/Self-Driving-and-ROS-2-Learn-by-Doing-Plan-Navigation/Section3_Introduction_to_ROS_2/bumperbot_ws/build/bumperbot_py_examples/build/lib/bumperbot_py_examples
[3.312s] copying bumperbot_py_examples/simple_qos_subscriber.py -> /home/joel/vsC/Self-Driving-and-ROS-2-Learn-by-Doing-Plan-Navigation/Section3_Introduction_to_ROS_2/bumperbot_ws/build/bumperbot_py_examples/build/lib/bumperbot_py_examples
[3.313s] running install
[3.325s] running install_lib
[3.377s] creating /home/joel/vsC/Self-Driving-and-ROS-2-Learn-by-Doing-Plan-Navigation/Section3_Introduction_to_ROS_2/bumperbot_ws/install/bumperbot_py_examples/lib/python3.12/site-packages/bumperbot_py_examples
[3.377s] copying /home/joel/vsC/Self-Driving-and-ROS-2-Learn-by-Doing-Plan-Navigation/Section3_Introduction_to_ROS_2/bumperbot_ws/build/bumperbot_py_examples/build/lib/bumperbot_py_examples/simple_turtlesim_kinematics.py -> /home/joel/vsC/Self-Driving-and-ROS-2-Learn-by-Doing-Plan-Navigation/Section3_Introduction_to_ROS_2/bumperbot_ws/install/bumperbot_py_examples/lib/python3.12/site-packages/bumperbot_py_examples
[3.377s] copying /home/joel/vsC/Self-Driving-and-ROS-2-Learn-by-Doing-Plan-Navigation/Section3_Introduction_to_ROS_2/bumperbot_ws/build/bumperbot_py_examples/build/lib/bumperbot_py_examples/simple_publisher.py -> /home/joel/vsC/Self-Driving-and-ROS-2-Learn-by-Doing-Plan-Navigation/Section3_Introduction_to_ROS_2/bumperbot_ws/install/bumperbot_py_examples/lib/python3.12/site-packages/bumperbot_py_examples
[3.377s] copying /home/joel/vsC/Self-Driving-and-ROS-2-Learn-by-Doing-Plan-Navigation/Section3_Introduction_to_ROS_2/bumperbot_ws/build/bumperbot_py_examples/build/lib/bumperbot_py_examples/simple_action_server.py -> /home/joel/vsC/Self-Driving-and-ROS-2-Learn-by-Doing-Plan-Navigation/Section3_Introduction_to_ROS_2/bumperbot_ws/install/bumperbot_py_examples/lib/python3.12/site-packages/bumperbot_py_examples
[3.377s] copying /home/joel/vsC/Self-Driving-and-ROS-2-Learn-by-Doing-Plan-Navigation/Section3_Introduction_to_ROS_2/bumperbot_ws/build/bumperbot_py_examples/build/lib/bumperbot_py_examples/simple_tf_kinematics.py -> /home/joel/vsC/Self-Driving-and-ROS-2-Learn-by-Doing-Plan-Navigation/Section3_Introduction_to_ROS_2/bumperbot_ws/install/bumperbot_py_examples/lib/python3.12/site-packages/bumperbot_py_examples
[3.377s] copying /home/joel/vsC/Self-Driving-and-ROS-2-Learn-by-Doing-Plan-Navigation/Section3_Introduction_to_ROS_2/bumperbot_ws/build/bumperbot_py_examples/build/lib/bumperbot_py_examples/simple_action_client.py -> /home/joel/vsC/Self-Driving-and-ROS-2-Learn-by-Doing-Plan-Navigation/Section3_Introduction_to_ROS_2/bumperbot_ws/install/bumperbot_py_examples/lib/python3.12/site-packages/bumperbot_py_examples
[3.377s] copying /home/joel/vsC/Self-Driving-and-ROS-2-Learn-by-Doing-Plan-Navigation/Section3_Introduction_to_ROS_2/bumperbot_ws/build/bumperbot_py_examples/build/lib/bumperbot_py_examples/__init__.py -> /home/joel/vsC/Self-Driving-and-ROS-2-Learn-by-Doing-Plan-Navigation/Section3_Introduction_to_ROS_2/bumperbot_ws/install/bumperbot_py_examples/lib/python3.12/site-packages/bumperbot_py_examples
[3.378s] copying /home/joel/vsC/Self-Driving-and-ROS-2-Learn-by-Doing-Plan-Navigation/Section3_Introduction_to_ROS_2/bumperbot_ws/build/bumperbot_py_examples/build/lib/bumperbot_py_examples/simple_parameter.py -> /home/joel/vsC/Self-Driving-and-ROS-2-Learn-by-Doing-Plan-Navigation/Section3_Introduction_to_ROS_2/bumperbot_ws/install/bumperbot_py_examples/lib/python3.12/site-packages/bumperbot_py_examples
[3.378s] copying /home/joel/vsC/Self-Driving-and-ROS-2-Learn-by-Doing-Plan-Navigation/Section3_Introduction_to_ROS_2/bumperbot_ws/build/bumperbot_py_examples/build/lib/bumperbot_py_examples/simple_qos_publisher.py -> /home/joel/vsC/Self-Driving-and-ROS-2-Learn-by-Doing-Plan-Navigation/Section3_Introduction_to_ROS_2/bumperbot_ws/install/bumperbot_py_examples/lib/python3.12/site-packages/bumperbot_py_examples
[3.378s] copying /home/joel/vsC/Self-Driving-and-ROS-2-Learn-by-Doing-Plan-Navigation/Section3_Introduction_to_ROS_2/bumperbot_ws/build/bumperbot_py_examples/build/lib/bumperbot_py_examples/simple_lifecycle_node.py -> /home/joel/vsC/Self-Driving-and-ROS-2-Learn-by-Doing-Plan-Navigation/Section3_Introduction_to_ROS_2/bumperbot_ws/install/bumperbot_py_examples/lib/python3.12/site-packages/bumperbot_py_examples
[3.378s] copying /home/joel/vsC/Self-Driving-and-ROS-2-Learn-by-Doing-Plan-Navigation/Section3_Introduction_to_ROS_2/bumperbot_ws/build/bumperbot_py_examples/build/lib/bumperbot_py_examples/simple_subscriber.py -> /home/joel/vsC/Self-Driving-and-ROS-2-Learn-by-Doing-Plan-Navigation/Section3_Introduction_to_ROS_2/bumperbot_ws/install/bumperbot_py_examples/lib/python3.12/site-packages/bumperbot_py_examples
[3.378s] copying /home/joel/vsC/Self-Driving-and-ROS-2-Learn-by-Doing-Plan-Navigation/Section3_Introduction_to_ROS_2/bumperbot_ws/build/bumperbot_py_examples/build/lib/bumperbot_py_examples/simple_service_server.py -> /home/joel/vsC/Self-Driving-and-ROS-2-Learn-by-Doing-Plan-Navigation/Section3_Introduction_to_ROS_2/bumperbot_ws/install/bumperbot_py_examples/lib/python3.12/site-packages/bumperbot_py_examples
[3.378s] copying /home/joel/vsC/Self-Driving-and-ROS-2-Learn-by-Doing-Plan-Navigation/Section3_Introduction_to_ROS_2/bumperbot_ws/build/bumperbot_py_examples/build/lib/bumperbot_py_examples/simple_service_client.py -> /home/joel/vsC/Self-Driving-and-ROS-2-Learn-by-Doing-Plan-Navigation/Section3_Introduction_to_ROS_2/bumperbot_ws/install/bumperbot_py_examples/lib/python3.12/site-packages/bumperbot_py_examples
[3.379s] copying /home/joel/vsC/Self-Driving-and-ROS-2-Learn-by-Doing-Plan-Navigation/Section3_Introduction_to_ROS_2/bumperbot_ws/build/bumperbot_py_examples/build/lib/bumperbot_py_examples/simple_qos_subscriber.py -> /home/joel/vsC/Self-Driving-and-ROS-2-Learn-by-Doing-Plan-Navigation/Section3_Introduction_to_ROS_2/bumperbot_ws/install/bumperbot_py_examples/lib/python3.12/site-packages/bumperbot_py_examples
[3.381s] byte-compiling /home/joel/vsC/Self-Driving-and-ROS-2-Learn-by-Doing-Plan-Navigation/Section3_Introduction_to_ROS_2/bumperbot_ws/install/bumperbot_py_examples/lib/python3.12/site-packages/bumperbot_py_examples/simple_turtlesim_kinematics.py to simple_turtlesim_kinematics.cpython-312.pyc
[3.382s] byte-compiling /home/joel/vsC/Self-Driving-and-ROS-2-Learn-by-Doing-Plan-Navigation/Section3_Introduction_to_ROS_2/bumperbot_ws/install/bumperbot_py_examples/lib/python3.12/site-packages/bumperbot_py_examples/simple_publisher.py to simple_publisher.cpython-312.pyc
[3.382s] byte-compiling /home/joel/vsC/Self-Driving-and-ROS-2-Learn-by-Doing-Plan-Navigation/Section3_Introduction_to_ROS_2/bumperbot_ws/install/bumperbot_py_examples/lib/python3.12/site-packages/bumperbot_py_examples/simple_action_server.py to simple_action_server.cpython-312.pyc
[3.383s] byte-compiling /home/joel/vsC/Self-Driving-and-ROS-2-Learn-by-Doing-Plan-Navigation/Section3_Introduction_to_ROS_2/bumperbot_ws/install/bumperbot_py_examples/lib/python3.12/site-packages/bumperbot_py_examples/simple_tf_kinematics.py to simple_tf_kinematics.cpython-312.pyc
[3.384s] byte-compiling /home/joel/vsC/Self-Driving-and-ROS-2-Learn-by-Doing-Plan-Navigation/Section3_Introduction_to_ROS_2/bumperbot_ws/install/bumperbot_py_examples/lib/python3.12/site-packages/bumperbot_py_examples/simple_action_client.py to simple_action_client.cpython-312.pyc
[3.385s] byte-compiling /home/joel/vsC/Self-Driving-and-ROS-2-Learn-by-Doing-Plan-Navigation/Section3_Introduction_to_ROS_2/bumperbot_ws/install/bumperbot_py_examples/lib/python3.12/site-packages/bumperbot_py_examples/__init__.py to __init__.cpython-312.pyc
[3.385s] byte-compiling /home/joel/vsC/Self-Driving-and-ROS-2-Learn-by-Doing-Plan-Navigation/Section3_Introduction_to_ROS_2/bumperbot_ws/install/bumperbot_py_examples/lib/python3.12/site-packages/bumperbot_py_examples/simple_parameter.py to simple_parameter.cpython-312.pyc
[3.385s] byte-compiling /home/joel/vsC/Self-Driving-and-ROS-2-Learn-by-Doing-Plan-Navigation/Section3_Introduction_to_ROS_2/bumperbot_ws/install/bumperbot_py_examples/lib/python3.12/site-packages/bumperbot_py_examples/simple_qos_publisher.py to simple_qos_publisher.cpython-312.pyc
[3.386s] byte-compiling /home/joel/vsC/Self-Driving-and-ROS-2-Learn-by-Doing-Plan-Navigation/Section3_Introduction_to_ROS_2/bumperbot_ws/install/bumperbot_py_examples/lib/python3.12/site-packages/bumperbot_py_examples/simple_lifecycle_node.py to simple_lifecycle_node.cpython-312.pyc
[3.387s] byte-compiling /home/joel/vsC/Self-Driving-and-ROS-2-Learn-by-Doing-Plan-Navigation/Section3_Introduction_to_ROS_2/bumperbot_ws/install/bumperbot_py_examples/lib/python3.12/site-packages/bumperbot_py_examples/simple_subscriber.py to simple_subscriber.cpython-312.pyc
[3.387s] byte-compiling /home/joel/vsC/Self-Driving-and-ROS-2-Learn-by-Doing-Plan-Navigation/Section3_Introduction_to_ROS_2/bumperbot_ws/install/bumperbot_py_examples/lib/python3.12/site-packages/bumperbot_py_examples/simple_service_server.py to simple_service_server.cpython-312.pyc
[3.388s] byte-compiling /home/joel/vsC/Self-Driving-and-ROS-2-Learn-by-Doing-Plan-Navigation/Section3_Introduction_to_ROS_2/bumperbot_ws/install/bumperbot_py_examples/lib/python3.12/site-packages/bumperbot_py_examples/simple_service_client.py to simple_service_client.cpython-312.pyc
[3.388s] byte-compiling /home/joel/vsC/Self-Driving-and-ROS-2-Learn-by-Doing-Plan-Navigation/Section3_Introduction_to_ROS_2/bumperbot_ws/install/bumperbot_py_examples/lib/python3.12/site-packages/bumperbot_py_examples/simple_qos_subscriber.py to simple_qos_subscriber.cpython-312.pyc
[3.389s] running install_data
[3.389s] creating /home/joel/vsC/Self-Driving-and-ROS-2-Learn-by-Doing-Plan-Navigation/Section3_Introduction_to_ROS_2/bumperbot_ws/install/bumperbot_py_examples/share/ament_index
[3.389s] creating /home/joel/vsC/Self-Driving-and-ROS-2-Learn-by-Doing-Plan-Navigation/Section3_Introduction_to_ROS_2/bumperbot_ws/install/bumperbot_py_examples/share/ament_index/resource_index
[3.390s] creating /home/joel/vsC/Self-Driving-and-ROS-2-Learn-by-Doing-Plan-Navigation/Section3_Introduction_to_ROS_2/bumperbot_ws/install/bumperbot_py_examples/share/ament_index/resource_index/packages
[3.390s] copying resource/bumperbot_py_examples -> /home/joel/vsC/Self-Driving-and-ROS-2-Learn-by-Doing-Plan-Navigation/Section3_Introduction_to_ROS_2/bumperbot_ws/install/bumperbot_py_examples/share/ament_index/resource_index/packages
[3.390s] copying package.xml -> /home/joel/vsC/Self-Driving-and-ROS-2-Learn-by-Doing-Plan-Navigation/Section3_Introduction_to_ROS_2/bumperbot_ws/install/bumperbot_py_examples/share/bumperbot_py_examples
[3.390s] running install_egg_info
[3.445s] Copying ../../build/bumperbot_py_examples/bumperbot_py_examples.egg-info to /home/joel/vsC/Self-Driving-and-ROS-2-Learn-by-Doing-Plan-Navigation/Section3_Introduction_to_ROS_2/bumperbot_ws/install/bumperbot_py_examples/lib/python3.12/site-packages/bumperbot_py_examples-0.0.0-py3.12.egg-info
[3.446s] running install_scripts
[3.791s] Installing simple_action_client script to /home/joel/vsC/Self-Driving-and-ROS-2-Learn-by-Doing-Plan-Navigation/Section3_Introduction_to_ROS_2/bumperbot_ws/install/bumperbot_py_examples/lib/bumperbot_py_examples
[3.791s] Installing simple_action_server script to /home/joel/vsC/Self-Driving-and-ROS-2-Learn-by-Doing-Plan-Navigation/Section3_Introduction_to_ROS_2/bumperbot_ws/install/bumperbot_py_examples/lib/bumperbot_py_examples
[3.791s] Installing simple_lifecycle_node script to /home/joel/vsC/Self-Driving-and-ROS-2-Learn-by-Doing-Plan-Navigation/Section3_Introduction_to_ROS_2/bumperbot_ws/install/bumperbot_py_examples/lib/bumperbot_py_examples
[3.791s] Installing simple_parameter script to /home/joel/vsC/Self-Driving-and-ROS-2-Learn-by-Doing-Plan-Navigation/Section3_Introduction_to_ROS_2/bumperbot_ws/install/bumperbot_py_examples/lib/bumperbot_py_examples
[3.791s] Installing simple_publisher script to /home/joel/vsC/Self-Driving-and-ROS-2-Learn-by-Doing-Plan-Navigation/Section3_Introduction_to_ROS_2/bumperbot_ws/install/bumperbot_py_examples/lib/bumperbot_py_examples
[3.792s] Installing simple_qos_publisher script to /home/joel/vsC/Self-Driving-and-ROS-2-Learn-by-Doing-Plan-Navigation/Section3_Introduction_to_ROS_2/bumperbot_ws/install/bumperbot_py_examples/lib/bumperbot_py_examples
[3.792s] Installing simple_qos_subscriber script to /home/joel/vsC/Self-Driving-and-ROS-2-Learn-by-Doing-Plan-Navigation/Section3_Introduction_to_ROS_2/bumperbot_ws/install/bumperbot_py_examples/lib/bumperbot_py_examples
[3.792s] Installing simple_service_client script to /home/joel/vsC/Self-Driving-and-ROS-2-Learn-by-Doing-Plan-Navigation/Section3_Introduction_to_ROS_2/bumperbot_ws/install/bumperbot_py_examples/lib/bumperbot_py_examples
[3.792s] Installing simple_service_server script to /home/joel/vsC/Self-Driving-and-ROS-2-Learn-by-Doing-Plan-Navigation/Section3_Introduction_to_ROS_2/bumperbot_ws/install/bumperbot_py_examples/lib/bumperbot_py_examples
[3.792s] Installing simple_subscriber script to /home/joel/vsC/Self-Driving-and-ROS-2-Learn-by-Doing-Plan-Navigation/Section3_Introduction_to_ROS_2/bumperbot_ws/install/bumperbot_py_examples/lib/bumperbot_py_examples
[3.792s] Installing simple_tf_kinematics script to /home/joel/vsC/Self-Driving-and-ROS-2-Learn-by-Doing-Plan-Navigation/Section3_Introduction_to_ROS_2/bumperbot_ws/install/bumperbot_py_examples/lib/bumperbot_py_examples
[3.792s] Installing simple_turtlesim_kinematics script to /home/joel/vsC/Self-Driving-and-ROS-2-Learn-by-Doing-Plan-Navigation/Section3_Introduction_to_ROS_2/bumperbot_ws/install/bumperbot_py_examples/lib/bumperbot_py_examples
[3.792s] writing list of installed files to '/home/joel/vsC/Self-Driving-and-ROS-2-Learn-by-Doing-Plan-Navigation/Section3_Introduction_to_ROS_2/bumperbot_ws/build/bumperbot_py_examples/install.log'
[3.841s] Invoked command in '/home/joel/vsC/Self-Driving-and-ROS-2-Learn-by-Doing-Plan-Navigation/Section3_Introduction_to_ROS_2/bumperbot_ws/src/bumperbot_py_examples' returned '0': AMENT_PREFIX_PATH=/home/joel/vsC/Self-Driving-and-ROS-2-Learn-by-Doing-Plan-Navigation/Section3_Introduction_to_ROS_2/bumperbot_ws/install/bumperbot_msgs:${AMENT_PREFIX_PATH} CMAKE_PREFIX_PATH=/home/joel/vsC/Self-Driving-and-ROS-2-Learn-by-Doing-Plan-Navigation/Section3_Introduction_to_ROS_2/bumperbot_ws/install/bumperbot_msgs:${CMAKE_PREFIX_PATH} DEBUGINFOD_URLS=https://debuginfod.ubuntu.com LD_LIBRARY_PATH=/home/joel/vsC/Self-Driving-and-ROS-2-Learn-by-Doing-Plan-Navigation/Section3_Introduction_to_ROS_2/bumperbot_ws/install/bumperbot_msgs/lib:${LD_LIBRARY_PATH} PYTHONPATH=/home/joel/vsC/Self-Driving-and-ROS-2-Learn-by-Doing-Plan-Navigation/Section3_Introduction_to_ROS_2/bumperbot_ws/build/bumperbot_py_examples/prefix_override:/usr/lib/python3/dist-packages/colcon_core/task/python/colcon_distutils_commands:/home/joel/vsC/Self-Driving-and-ROS-2-Learn-by-Doing-Plan-Navigation/Section3_Introduction_to_ROS_2/bumperbot_ws/install/bumperbot_py_examples/lib/python3.12/site-packages:/home/joel/vsC/Self-Driving-and-ROS-2-Learn-by-Doing-Plan-Navigation/Section3_Introduction_to_ROS_2/bumperbot_ws/install/bumperbot_msgs/lib/python3.12/site-packages:${PYTHONPATH} /usr/bin/python3 -W ignore:setup.py install is deprecated -W ignore:easy_install command is deprecated setup.py egg_info --egg-base ../../build/bumperbot_py_examples build --build-base /home/joel/vsC/Self-Driving-and-ROS-2-Learn-by-Doing-Plan-Navigation/Section3_Introduction_to_ROS_2/bumperbot_ws/build/bumperbot_py_examples/build install --record /home/joel/vsC/Self-Driving-and-ROS-2-Learn-by-Doing-Plan-Navigation/Section3_Introduction_to_ROS_2/bumperbot_ws/build/bumperbot_py_examples/install.log --single-version-externally-managed install_data
